Archive member included to satisfy reference by file (symbol)

d:/program files (x86)/atmel/studio/7.0/toolchain/avr8/avr8-gnu-toolchain/bin/../lib/gcc/avr/4.9.2/../../../../avr/lib/avr5\libm.a(addsf3.o)
                              game/glcd.o (__subsf3)
d:/program files (x86)/atmel/studio/7.0/toolchain/avr8/avr8-gnu-toolchain/bin/../lib/gcc/avr/4.9.2/../../../../avr/lib/avr5\libm.a(addsf3x.o)
                              d:/program files (x86)/atmel/studio/7.0/toolchain/avr8/avr8-gnu-toolchain/bin/../lib/gcc/avr/4.9.2/../../../../avr/lib/avr5\libm.a(addsf3.o) (__addsf3x)
d:/program files (x86)/atmel/studio/7.0/toolchain/avr8/avr8-gnu-toolchain/bin/../lib/gcc/avr/4.9.2/../../../../avr/lib/avr5\libm.a(cmpsf2.o)
                              game/glcd.o (__ltsf2)
d:/program files (x86)/atmel/studio/7.0/toolchain/avr8/avr8-gnu-toolchain/bin/../lib/gcc/avr/4.9.2/../../../../avr/lib/avr5\libm.a(divsf3.o)
                              game/glcd.o (__divsf3)
d:/program files (x86)/atmel/studio/7.0/toolchain/avr8/avr8-gnu-toolchain/bin/../lib/gcc/avr/4.9.2/../../../../avr/lib/avr5\libm.a(divsf3x.o)
                              d:/program files (x86)/atmel/studio/7.0/toolchain/avr8/avr8-gnu-toolchain/bin/../lib/gcc/avr/4.9.2/../../../../avr/lib/avr5\libm.a(divsf3.o) (__divsf3x)
d:/program files (x86)/atmel/studio/7.0/toolchain/avr8/avr8-gnu-toolchain/bin/../lib/gcc/avr/4.9.2/../../../../avr/lib/avr5\libm.a(fixunssfsi.o)
                              game/glcd.o (__fixunssfsi)
d:/program files (x86)/atmel/studio/7.0/toolchain/avr8/avr8-gnu-toolchain/bin/../lib/gcc/avr/4.9.2/../../../../avr/lib/avr5\libm.a(floatsisf.o)
                              game/glcd.o (__floatunsisf)
d:/program files (x86)/atmel/studio/7.0/toolchain/avr8/avr8-gnu-toolchain/bin/../lib/gcc/avr/4.9.2/../../../../avr/lib/avr5\libm.a(fmax.o)
                              game/glcd.o (fmax)
d:/program files (x86)/atmel/studio/7.0/toolchain/avr8/avr8-gnu-toolchain/bin/../lib/gcc/avr/4.9.2/../../../../avr/lib/avr5\libm.a(fmin.o)
                              game/glcd.o (fmin)
d:/program files (x86)/atmel/studio/7.0/toolchain/avr8/avr8-gnu-toolchain/bin/../lib/gcc/avr/4.9.2/../../../../avr/lib/avr5\libm.a(fp_cmp.o)
                              d:/program files (x86)/atmel/studio/7.0/toolchain/avr8/avr8-gnu-toolchain/bin/../lib/gcc/avr/4.9.2/../../../../avr/lib/avr5\libm.a(cmpsf2.o) (__fp_cmp)
d:/program files (x86)/atmel/studio/7.0/toolchain/avr8/avr8-gnu-toolchain/bin/../lib/gcc/avr/4.9.2/../../../../avr/lib/avr5\libm.a(fp_inf.o)
                              d:/program files (x86)/atmel/studio/7.0/toolchain/avr8/avr8-gnu-toolchain/bin/../lib/gcc/avr/4.9.2/../../../../avr/lib/avr5\libm.a(addsf3x.o) (__fp_inf)
d:/program files (x86)/atmel/studio/7.0/toolchain/avr8/avr8-gnu-toolchain/bin/../lib/gcc/avr/4.9.2/../../../../avr/lib/avr5\libm.a(fp_nan.o)
                              d:/program files (x86)/atmel/studio/7.0/toolchain/avr8/avr8-gnu-toolchain/bin/../lib/gcc/avr/4.9.2/../../../../avr/lib/avr5\libm.a(addsf3x.o) (__fp_nan)
d:/program files (x86)/atmel/studio/7.0/toolchain/avr8/avr8-gnu-toolchain/bin/../lib/gcc/avr/4.9.2/../../../../avr/lib/avr5\libm.a(fp_pscA.o)
                              d:/program files (x86)/atmel/studio/7.0/toolchain/avr8/avr8-gnu-toolchain/bin/../lib/gcc/avr/4.9.2/../../../../avr/lib/avr5\libm.a(addsf3x.o) (__fp_pscA)
d:/program files (x86)/atmel/studio/7.0/toolchain/avr8/avr8-gnu-toolchain/bin/../lib/gcc/avr/4.9.2/../../../../avr/lib/avr5\libm.a(fp_pscB.o)
                              d:/program files (x86)/atmel/studio/7.0/toolchain/avr8/avr8-gnu-toolchain/bin/../lib/gcc/avr/4.9.2/../../../../avr/lib/avr5\libm.a(addsf3x.o) (__fp_pscB)
d:/program files (x86)/atmel/studio/7.0/toolchain/avr8/avr8-gnu-toolchain/bin/../lib/gcc/avr/4.9.2/../../../../avr/lib/avr5\libm.a(fp_round.o)
                              d:/program files (x86)/atmel/studio/7.0/toolchain/avr8/avr8-gnu-toolchain/bin/../lib/gcc/avr/4.9.2/../../../../avr/lib/avr5\libm.a(addsf3.o) (__fp_round)
d:/program files (x86)/atmel/studio/7.0/toolchain/avr8/avr8-gnu-toolchain/bin/../lib/gcc/avr/4.9.2/../../../../avr/lib/avr5\libm.a(fp_split3.o)
                              d:/program files (x86)/atmel/studio/7.0/toolchain/avr8/avr8-gnu-toolchain/bin/../lib/gcc/avr/4.9.2/../../../../avr/lib/avr5\libm.a(addsf3x.o) (__fp_split3)
d:/program files (x86)/atmel/studio/7.0/toolchain/avr8/avr8-gnu-toolchain/bin/../lib/gcc/avr/4.9.2/../../../../avr/lib/avr5\libm.a(fp_zero.o)
                              d:/program files (x86)/atmel/studio/7.0/toolchain/avr8/avr8-gnu-toolchain/bin/../lib/gcc/avr/4.9.2/../../../../avr/lib/avr5\libm.a(addsf3x.o) (__fp_zero)
d:/program files (x86)/atmel/studio/7.0/toolchain/avr8/avr8-gnu-toolchain/bin/../lib/gcc/avr/4.9.2/../../../../avr/lib/avr5\libm.a(gesf2.o)
                              game/glcd.o (__gtsf2)
[...]
Memory Configuration

Name             Origin             Length             Attributes
text             0x00000000         0x00020000         xr
data             0x00800060         0x0000ffa0         rw !x
eeprom           0x00810000         0x00010000         rw !x
fuse             0x00820000         0x00000003         rw !x
lock             0x00830000         0x00000400         rw !x
signature        0x00840000         0x00000400         rw !x
user_signatures  0x00850000         0x00000400         rw !x
*default*        0x00000000         0xffffffff

Linker script and memory map

Address of section .data set to 0x800100
LOAD D:/Program Files (x86)/Atmel/Studio/7.0/Packs/atmel/ATmega_DFP/1.1.130/gcc/dev/atmega644/avr5/crtatmega644.o
LOAD analog.o
LOAD base64.o
LOAD camera/cam.o
LOAD camera/servo.o
LOAD cmd.o
LOAD dhcpc.o
LOAD dnsc.o
LOAD game/glcd.o
LOAD game/other.o
LOAD game/ppong.o
LOAD game/text.o
LOAD game/timings.o
LOAD httpd.o
LOAD http_get.o
LOAD lcd.o
LOAD main.o
LOAD networkcard/enc28j60.o
LOAD networkcard/rtl8019.o
LOAD ntp.o
LOAD sendmail.o
LOAD stack.o
LOAD telnetd.o
LOAD timer.o
LOAD udp_lcd.o
LOAD usart.o
LOAD wol.o
START GROUP
LOAD d:/program files (x86)/atmel/studio/7.0/toolchain/avr8/avr8-gnu-toolchain/bin/../lib/gcc/avr/4.9.2/../../../../avr/lib/avr5\libm.a
END GROUP
START GROUP
LOAD d:/program files (x86)/atmel/studio/7.0/toolchain/avr8/avr8-gnu-toolchain/bin/../lib/gcc/avr/4.9.2/avr5\libgcc.a
LOAD d:/program files (x86)/atmel/studio/7.0/toolchain/avr8/avr8-gnu-toolchain/bin/../lib/gcc/avr/4.9.2/../../../../avr/lib/avr5\libm.a
LOAD d:/program files (x86)/atmel/studio/7.0/toolchain/avr8/avr8-gnu-toolchain/bin/../lib/gcc/avr/4.9.2/../../../../avr/lib/avr5\libc.a
LOAD D:/Program Files (x86)/Atmel/Studio/7.0/Packs/atmel/ATmega_DFP/1.1.130/gcc/dev/atmega644/avr5\libatmega644.a
END GROUP
                0x00020000                __TEXT_REGION_LENGTH__ = DEFINED (__TEXT_REGION_LENGTH__)?__TEXT_REGION_LENGTH__:0x20000
                0x0000ffa0                __DATA_REGION_LENGTH__ = DEFINED (__DATA_REGION_LENGTH__)?__DATA_REGION_LENGTH__:0xffa0
                0x00010000                __EEPROM_REGION_LENGTH__ = DEFINED (__EEPROM_REGION_LENGTH__)?__EEPROM_REGION_LENGTH__:0x10000
                [0x00000003]                __FUSE_REGION_LENGTH__ = DEFINED (__FUSE_REGION_LENGTH__)?__FUSE_REGION_LENGTH__:0x400
                0x00000400                __LOCK_REGION_LENGTH__ = DEFINED (__LOCK_REGION_LENGTH__)?__LOCK_REGION_LENGTH__:0x400
                0x00000400                __SIGNATURE_REGION_LENGTH__ = DEFINED (__SIGNATURE_REGION_LENGTH__)?__SIGNATURE_REGION_LENGTH__:0x400
                0x00000400                __USER_SIGNATURE_REGION_LENGTH__ = DEFINED (__USER_SIGNATURE_REGION_LENGTH__)?__USER_SIGNATURE_REGION_LENGTH__:0x400

.hash
 *(.hash)

.dynsym
 *(.dynsym)

.dynstr
 *(.dynstr)

.gnu.version
 *(.gnu.version)

.gnu.version_d
 *(.gnu.version_d)

.gnu.version_r
 *(.gnu.version_r)

.rel.init
 *(.rel.init)

.rela.init
 *(.rela.init)

.rel.text
 *(.rel.text)
 *(.rel.text.*)
 *(.rel.gnu.linkonce.t*)

.rela.text
 *(.rela.text)
 *(.rela.text.*)
 *(.rela.gnu.linkonce.t*)

.rel.fini
 *(.rel.fini)

.rela.fini
 *(.rela.fini)

.rel.rodata
 *(.rel.rodata)
 *(.rel.rodata.*)
 *(.rel.gnu.linkonce.r*)

.rela.rodata
 *(.rela.rodata)
 *(.rela.rodata.*)
 *(.rela.gnu.linkonce.r*)

.rel.data
 *(.rel.data)
 *(.rel.data.*)
 *(.rel.gnu.linkonce.d*)

.rela.data
 *(.rela.data)
 *(.rela.data.*)
 *(.rela.gnu.linkonce.d*)

.rel.ctors
 *(.rel.ctors)

.rela.ctors
 *(.rela.ctors)

.rel.dtors
 *(.rel.dtors)

.rela.dtors
 *(.rela.dtors)

.rel.got
 *(.rel.got)

.rela.got
 *(.rela.got)

.rel.bss
 *(.rel.bss)

.rela.bss
 *(.rela.bss)

.rel.plt
 *(.rel.plt)

.rela.plt
 *(.rela.plt)

.text           0x00000000     0xb9da
 *(.vectors)
 .vectors       0x00000000       0x70 D:/Program Files (x86)/Atmel/Studio/7.0/Packs/atmel/ATmega_DFP/1.1.130/gcc/dev/atmega644/avr5/crtatmega644.o
                0x00000000                __vector_default
                0x00000000                __vectors
 *(.vectors)
 *(.progmem.gcc*)
                0x00000070                . = ALIGN (0x2)
                0x00000070                __trampolines_start = .
 *(.trampolines)
 .trampolines   0x00000070        0x0 linker stubs
 *(.trampolines*)
                0x00000070                __trampolines_end = .
 *libprintf_flt.a:*(.progmem.data)
 *libc.a:*(.progmem.data)
 *(.progmem*)
 .progmem.data  0x00000070      0x2d8 cmd.o
                0x00000070                helptext
 .progmem.data  0x00000348       0x15 game/ppong.o
                0x00000348                pong_won
                0x0000034d                pong_lost
                0x00000352                pong_both
                0x00000357                pong_Test
 .progmem.data  0x0000035d      0x1f9 game/text.o
                0x0000035d                characters
                0x00000538                tinynumbers
 .progmem.data  0x00000556     0x19d7 httpd.o
                0x00000556                Page1
                0x00000d82                Page2
                0x00001049                Page3
                0x00001349                led_on
                0x000013e8                led_off
                0x00001496                bild_balken
                0x000014df                bild_rakete
                0x00001c79                http_header0
                0x00001cd2                http_header1
                0x00001d2a                http_header2
                0x00001dac                http_header3
                0x00001e05                http_header4
                0x00001e7d                http_header5
                0x00001ef4                Page0
 .progmem.data  0x00001f2d       0xd2 main.o
 .progmem.data  0x00001fff       0x36 networkcard/enc28j60.o
 .progmem.data  0x00002035      0x4ae stack.o
                0x000024e4                . = ALIGN (0x2)
 *fill*         0x000024e3        0x1 
 *(.jumptables)
 *(.jumptables*)
 *(.lowtext)
 *(.lowtext*)
                0x000024e4                __ctors_start = .
 *(.ctors)
                0x000024e4                __ctors_end = .
                0x000024e4                __dtors_start = .
 *(.dtors)
                0x000024e4                __dtors_end = .
 SORT(*)(.ctors)
 SORT(*)(.dtors)
 *(.init0)
 .init0         0x000024e4        0x0 D:/Program Files (x86)/Atmel/Studio/7.0/Packs/atmel/ATmega_DFP/1.1.130/gcc/dev/atmega644/avr5/crtatmega644.o
                0x000024e4                __init
 *(.init0)
 *(.init1)
 *(.init1)
 *(.init2)
 .init2         0x000024e4        0xc D:/Program Files (x86)/Atmel/Studio/7.0/Packs/atmel/ATmega_DFP/1.1.130/gcc/dev/atmega644/avr5/crtatmega644.o
 *(.init2)
 *(.init3)
 *(.init3)
 *(.init4)
 .init4         0x000024f0       0x16 d:/program files (x86)/atmel/studio/7.0/toolchain/avr8/avr8-gnu-toolchain/bin/../lib/gcc/avr/4.9.2/avr5\libgcc.a(_copy_data.o)
                0x000024f0                __do_copy_data
 .init4         0x00002506       0x10 d:/program files (x86)/atmel/studio/7.0/toolchain/avr8/avr8-gnu-toolchain/bin/../lib/gcc/avr/4.9.2/avr5\libgcc.a(_clear_bss.o)
                0x00002506                __do_clear_bss
 *(.init4)
 *(.init5)
 *(.init5)
 *(.init6)
 *(.init6)
 *(.init7)
 *(.init7)
 *(.init8)
 *(.init8)
 *(.init9)
 .init9         0x00002516        0x8 D:/Program Files (x86)/Atmel/Studio/7.0/Packs/atmel/ATmega_DFP/1.1.130/gcc/dev/atmega644/avr5/crtatmega644.o
 *(.init9)
 *(.text)
 .text          0x0000251e        0x4 D:/Program Files (x86)/Atmel/Studio/7.0/Packs/atmel/ATmega_DFP/1.1.130/gcc/dev/atmega644/avr5/crtatmega644.o
                0x0000251e                __vector_22
                0x0000251e                __vector_1
                0x0000251e                __vector_24
                0x0000251e                __vector_12
                0x0000251e                __bad_interrupt
                0x0000251e                __vector_6
                0x0000251e                __vector_23
                0x0000251e                __vector_25
                0x0000251e                __vector_11
                0x0000251e                __vector_17
                0x0000251e                __vector_19
                0x0000251e                __vector_7
                0x0000251e                __vector_27
                0x0000251e                __vector_5
                0x0000251e                __vector_4
                0x0000251e                __vector_9
                0x0000251e                __vector_2
                0x0000251e                __vector_21
                0x0000251e                __vector_15
                0x0000251e                __vector_8
                0x0000251e                __vector_26
                0x0000251e                __vector_14
                0x0000251e                __vector_10
                0x0000251e                __vector_16
                0x0000251e                __vector_18
 .text          0x00002522      0xeba cmd.o
                0x00002522                extract_cmd
                0x00002618                command_reset
                0x0000262c                command_ip
                0x00002712                write_eeprom_ip
                0x0000278a                command_ntp
                0x00002798                command_net
                0x0000287e                command_router
                0x00002914                command_mac
                0x000029a2                command_ver
                0x000029d4                command_arp
                0x00002d2e                command_tcp
                0x00002f5e                command_setvar
                0x00002fce                command_time
                0x000030d0                command_ntp_refresh
                0x000030de                command_wol
                0x000030ec                command_ping
                0x000031c8                command_help
                0x00003238                save_ip_addresses
                0x00003310                read_ip_addresses
 .text          0x000033dc     0x2772 game/glcd.o
                0x000033dc                trigger
                0x00003800                glcd_init
                0x00003fb2                glcd_on
                0x00004016                glcd_off
                0x0000407a                set_start_line
                0x000040e6                goto_col
                0x000041a8                goto_row
                0x000041fe                goto_xy
                0x00004230                glcd_write
                0x00004468                glcd_clrln
                0x000044d4                glcd_clear
                0x00004506                glcd_read
                0x000053ac                point_at
                0x00005472                h_line
                0x000054f0                v_line
                0x0000556e                circle
                0x00005a92                rectangle
 .text          0x00005b4e       0xfe game/other.o
                0x00005b4e                wordtostr
                0x00005c00                max
                0x00005c26                min
 .text          0x00005c4c      0xb90 game/ppong.o
                0x00006322                pong_drawball
                0x000066e8                pong_draw_field
                0x00006762                draw_start_screen
                0x00006786                pong_start
 .text          0x000067dc      0x454 game/text.o
                0x000067dc                load_text
                0x00006806                draw_char
                0x00006932                draw_string
                0x0000699a                scrolltext
                0x00006a80                draw_tinydigit
                0x00006b46                draw_tinynumber
 .text          0x00006c30       0x46 game/timings.o
                0x00006c30                waitms
 .text          0x00006c76      0x2f8 main.o
                0x00006c76                main
 .text          0x00006f6e      0x918 networkcard/enc28j60.o
                0x000073fa                enc_send_packet
                0x000074da                enc_receive_packet
                0x0000766a                enc_init
                0x00007820                enc28j60_led_blink
                0x00007850                enc28j60_status_test
 .text          0x00007886     0x2ffa stack.o
                0x00007886                htons
                0x000078a8                htons32
                0x00007932                stack_init
                0x00007a90                get_eeprom_value
                0x00007b48                tcp_timer_call
                0x00007cfa                arp_timer_call
                0x00007dec                add_tcp_app
                0x00007eae                change_port_tcp_app
                0x00007f76                add_udp_app
                0x00008038                kill_udp_app
                0x000080a0                __vector_3
                0x0000810a                eth_get_data
                0x000081a4                check_packet
                0x00008444                arp_entry_add
                0x0000886a                arp_entry_search
                0x000088de                new_eth_header
                0x000089fa                arp_reply
                0x00008bf6                arp_request
                0x00008e92                icmp_send
                0x00008fca                checksum
                0x00009128                make_ip_header
                0x00009268                tcp_entry_add
                0x0000969a                tcp_entry_search
                0x0000973a                udp_socket_process
                0x00009804                create_new_udp_packet
                0x00009988                tcp_socket_process
                0x0000a156                create_new_tcp_packet
                0x0000a45c                tcp_Port_close
                0x0000a4da                find_and_start
                0x0000a56e                tcp_port_open
                0x0000a75a                tcp_index_del
 .text          0x0000a880       0xda timer.o
                0x0000a880                timer_init
                0x0000a8cc                __vector_13
 .text          0x0000a95a      0x500 usart.o
                0x0000a95a                usart_init
                0x0000a9ee                usart_write_char
                0x0000aa32                usart_write_P
                0x0000ac9a                usart_write_str
                0x0000acd6                __vector_20
                0x0000ae5a                . = ALIGN (0x2)
 *(.text.*)
 .text.avr-libc.fplib
                0x0000ae5a        0xe d:/program files (x86)/atmel/studio/7.0/toolchain/avr8/avr8-gnu-toolchain/bin/../lib/gcc/avr/4.9.2/../../../../avr/lib/avr5\libm.a(addsf3.o)
                0x0000ae5a                __subsf3
                0x0000ae5c                __addsf3
 .text.avr-libc.fplib
                0x0000ae68       0xcc d:/program files (x86)/atmel/studio/7.0/toolchain/avr8/avr8-gnu-toolchain/bin/../lib/gcc/avr/4.9.2/../../../../avr/lib/avr5\libm.a(addsf3x.o)
                0x0000ae8a                __addsf3x
 .text.avr-libc.fplib
                0x0000af34        0xa d:/program files (x86)/atmel/studio/7.0/toolchain/avr8/avr8-gnu-toolchain/bin/../lib/gcc/avr/4.9.2/../../../../avr/lib/avr5\libm.a(cmpsf2.o)
                0x0000af34                __nesf2
                0x0000af34                __eqsf2
                0x0000af34                __cmpsf2
                0x0000af34                __ltsf2
                0x0000af34                __lesf2
 .text.avr-libc.fplib
                0x0000af3e        0x8 d:/program files (x86)/atmel/studio/7.0/toolchain/avr8/avr8-gnu-toolchain/bin/../lib/gcc/avr/4.9.2/../../../../avr/lib/avr5\libm.a(divsf3.o)
                0x0000af3e                __divsf3
 .text.avr-libc.fplib
                0x0000af46       0xdc d:/program files (x86)/atmel/studio/7.0/toolchain/avr8/avr8-gnu-toolchain/bin/../lib/gcc/avr/4.9.2/../../../../avr/lib/avr5\libm.a(divsf3x.o)
                0x0000af66                __divsf3x
                0x0000af6c                __divsf3_pse
 .text.avr-libc.fplib
                0x0000b022       0x5e d:/program files (x86)/atmel/studio/7.0/toolchain/avr8/avr8-gnu-toolchain/bin/../lib/gcc/avr/4.9.2/../../../../avr/lib/avr5\libm.a(fixunssfsi.o)
                0x0000b022                __fixunssfsi
 .text.avr-libc.fplib
                0x0000b080       0x7a d:/program files (x86)/atmel/studio/7.0/toolchain/avr8/avr8-gnu-toolchain/bin/../lib/gcc/avr/4.9.2/../../../../avr/lib/avr5\libm.a(floatsisf.o)
                0x0000b080                __floatunsisf
                0x0000b084                __floatsisf
 .text.avr-libc.fplib
                0x0000b0fa       0x3e d:/program files (x86)/atmel/studio/7.0/toolchain/avr8/avr8-gnu-toolchain/bin/../lib/gcc/avr/4.9.2/../../../../avr/lib/avr5\libm.a(fmax.o)
                0x0000b0fa                fmax
 .text.avr-libc.fplib
                0x0000b138       0x3e d:/program files (x86)/atmel/studio/7.0/toolchain/avr8/avr8-gnu-toolchain/bin/../lib/gcc/avr/4.9.2/../../../../avr/lib/avr5\libm.a(fmin.o)
                0x0000b138                fmin
 .text.avr-libc.fplib
                0x0000b176       0x48 d:/program files (x86)/atmel/studio/7.0/toolchain/avr8/avr8-gnu-toolchain/bin/../lib/gcc/avr/4.9.2/../../../../avr/lib/avr5\libm.a(fp_cmp.o)
                0x0000b176                __fp_cmp
 .text.avr-libc.fplib
                0x0000b1be        0xc d:/program files (x86)/atmel/studio/7.0/toolchain/avr8/avr8-gnu-toolchain/bin/../lib/gcc/avr/4.9.2/../../../../avr/lib/avr5\libm.a(fp_inf.o)
                0x0000b1be                __fp_inf
 .text.avr-libc.fplib
                0x0000b1ca        0x6 d:/program files (x86)/atmel/studio/7.0/toolchain/avr8/avr8-gnu-toolchain/bin/../lib/gcc/avr/4.9.2/../../../../avr/lib/avr5\libm.a(fp_nan.o)
                0x0000b1ca                __fp_nan
 .text.avr-libc.fplib
                0x0000b1d0        0xe d:/program files (x86)/atmel/studio/7.0/toolchain/avr8/avr8-gnu-toolchain/bin/../lib/gcc/avr/4.9.2/../../../../avr/lib/avr5\libm.a(fp_pscA.o)
                0x0000b1d0                __fp_pscA
 .text.avr-libc.fplib
                0x0000b1de        0xe d:/program files (x86)/atmel/studio/7.0/toolchain/avr8/avr8-gnu-toolchain/bin/../lib/gcc/avr/4.9.2/../../../../avr/lib/avr5\libm.a(fp_pscB.o)
                0x0000b1de                __fp_pscB
 .text.avr-libc.fplib
                0x0000b1ec       0x22 d:/program files (x86)/atmel/studio/7.0/toolchain/avr8/avr8-gnu-toolchain/bin/../lib/gcc/avr/4.9.2/../../../../avr/lib/avr5\libm.a(fp_round.o)
                0x0000b1ec                __fp_round
 .text.avr-libc.fplib
                0x0000b20e       0x44 d:/program files (x86)/atmel/studio/7.0/toolchain/avr8/avr8-gnu-toolchain/bin/../lib/gcc/avr/4.9.2/../../../../avr/lib/avr5\libm.a(fp_split3.o)
                0x0000b20e                __fp_split3
                0x0000b21e                __fp_splitA
 .text.avr-libc.fplib
                0x0000b252        0xe d:/program files (x86)/atmel/studio/7.0/toolchain/avr8/avr8-gnu-toolchain/bin/../lib/gcc/avr/4.9.2/../../../../avr/lib/avr5\libm.a(fp_zero.o)
                0x0000b252                __fp_zero
                0x0000b254                __fp_szero
 .text.avr-libc.fplib
                0x0000b260        0xa d:/program files (x86)/atmel/studio/7.0/toolchain/avr8/avr8-gnu-toolchain/bin/../lib/gcc/avr/4.9.2/../../../../avr/lib/avr5\libm.a(gesf2.o)
                0x0000b260                __gesf2
                0x0000b260                __gtsf2
 .text.avr-libc.fplib
                0x0000b26a        0x8 d:/program files (x86)/atmel/studio/7.0/toolchain/avr8/avr8-gnu-toolchain/bin/../lib/gcc/avr/4.9.2/../../../../avr/lib/avr5\libm.a(mulsf3.o)
                0x0000b26a                __mulsf3
 .text.avr-libc.fplib
                0x0000b272       0xd2 d:/program files (x86)/atmel/studio/7.0/toolchain/avr8/avr8-gnu-toolchain/bin/../lib/gcc/avr/4.9.2/../../../../avr/lib/avr5\libm.a(mulsf3x.o)
                0x0000b290                __mulsf3x
                0x0000b296                __mulsf3_pse
 .text.avr-libc.fplib
                0x0000b344       0x8c d:/program files (x86)/atmel/studio/7.0/toolchain/avr8/avr8-gnu-toolchain/bin/../lib/gcc/avr/4.9.2/../../../../avr/lib/avr5\libm.a(sqrt.o)
                0x0000b350                sqrtf
                0x0000b350                sqrt
 .text.avr-libc.fplib
                0x0000b3d0       0x1c d:/program files (x86)/atmel/studio/7.0/toolchain/avr8/avr8-gnu-toolchain/bin/../lib/gcc/avr/4.9.2/../../../../avr/lib/avr5\libm.a(fp_mpack.o)
                0x0000b3d0                __fp_mpack
                0x0000b3d4                __fp_mpack_finite
 .text.avr-libc.fplib
                0x0000b3ec        0xe d:/program files (x86)/atmel/studio/7.0/toolchain/avr8/avr8-gnu-toolchain/bin/../lib/gcc/avr/4.9.2/../../../../avr/lib/avr5\libm.a(fp_norm2.o)
                0x0000b3ec                __fp_norm2
 .text.libgcc.div
                0x0000b3fa       0x44 d:/program files (x86)/atmel/studio/7.0/toolchain/avr8/avr8-gnu-toolchain/bin/../lib/gcc/avr/4.9.2/avr5\libgcc.a(_udivmodsi4.o)
                0x0000b3fa                __udivmodsi4
 .text.libgcc.mul
                0x0000b43e       0x1e d:/program files (x86)/atmel/studio/7.0/toolchain/avr8/avr8-gnu-toolchain/bin/../lib/gcc/avr/4.9.2/avr5\libgcc.a(_umulhisi3.o)
                0x0000b43e                __umulhisi3
 .text.avr-libc
                0x0000b45c       0xb8 d:/program files (x86)/atmel/studio/7.0/toolchain/avr8/avr8-gnu-toolchain/bin/../lib/gcc/avr/4.9.2/../../../../avr/lib/avr5\libc.a(rand.o)
                0x0000b4ee                rand_r
                0x0000b4f4                rand
                0x0000b4fe                srand
 .text.avr-libc
                0x0000b514      0x222 d:/program files (x86)/atmel/studio/7.0/toolchain/avr8/avr8-gnu-toolchain/bin/../lib/gcc/avr/4.9.2/../../../../avr/lib/avr5\libc.a(strtol.o)
                0x0000b514                strtol
 .text.avr-libc
                0x0000b736       0x3c d:/program files (x86)/atmel/studio/7.0/toolchain/avr8/avr8-gnu-toolchain/bin/../lib/gcc/avr/4.9.2/../../../../avr/lib/avr5\libc.a(atoi.o)
                0x0000b736                atoi
 .text.avr-libc
                0x0000b772       0x12 d:/program files (x86)/atmel/studio/7.0/toolchain/avr8/avr8-gnu-toolchain/bin/../lib/gcc/avr/4.9.2/../../../../avr/lib/avr5\libc.a(isspace.o)
                0x0000b772                isspace
 .text.avr-libc
                0x0000b784       0x12 d:/program files (x86)/atmel/studio/7.0/toolchain/avr8/avr8-gnu-toolchain/bin/../lib/gcc/avr/4.9.2/../../../../avr/lib/avr5\libc.a(memcpy_P.o)
                0x0000b784                memcpy_P
 .text.avr-libc
                0x0000b796       0x26 d:/program files (x86)/atmel/studio/7.0/toolchain/avr8/avr8-gnu-toolchain/bin/../lib/gcc/avr/4.9.2/../../../../avr/lib/avr5\libc.a(strcasecmp.o)
                0x0000b796                strcasecmp
 .text.avr-libc
                0x0000b7bc       0x16 d:/program files (x86)/atmel/studio/7.0/toolchain/avr8/avr8-gnu-toolchain/bin/../lib/gcc/avr/4.9.2/../../../../avr/lib/avr5\libc.a(strcat.o)
                0x0000b7bc                strcat
 .text.avr-libc
                0x0000b7d2        0xe d:/program files (x86)/atmel/studio/7.0/toolchain/avr8/avr8-gnu-toolchain/bin/../lib/gcc/avr/4.9.2/../../../../avr/lib/avr5\libc.a(strcpy.o)
                0x0000b7d2                strcpy
 .text.avr-libc
                0x0000b7e0       0x12 d:/program files (x86)/atmel/studio/7.0/toolchain/avr8/avr8-gnu-toolchain/bin/../lib/gcc/avr/4.9.2/../../../../avr/lib/avr5\libc.a(strlen.o)
                0x0000b7e0                strlen
 .text.avr-libc
                0x0000b7f2       0x30 d:/program files (x86)/atmel/studio/7.0/toolchain/avr8/avr8-gnu-toolchain/bin/../lib/gcc/avr/4.9.2/../../../../avr/lib/avr5\libc.a(strsep.o)
                0x0000b7f2                strsep
 .text.avr-libc
                0x0000b822       0x16 d:/program files (x86)/atmel/studio/7.0/toolchain/avr8/avr8-gnu-toolchain/bin/../lib/gcc/avr/4.9.2/../../../../avr/lib/avr5\libc.a(itoa.o)
                0x0000b822                __itoa
                0x0000b822                itoa
 .text.avr-libc
                0x0000b838       0x16 d:/program files (x86)/atmel/studio/7.0/toolchain/avr8/avr8-gnu-toolchain/bin/../lib/gcc/avr/4.9.2/../../../../avr/lib/avr5\libc.a(itoa_ncheck.o)
                0x0000b838                __itoa_ncheck
 .text.avr-libc
                0x0000b84e       0x10 d:/program files (x86)/atmel/studio/7.0/toolchain/avr8/avr8-gnu-toolchain/bin/../lib/gcc/avr/4.9.2/../../../../avr/lib/avr5\libc.a(mul10.o)
                0x0000b84e                __mulhi_const_10
 .text.avr-libc
                0x0000b85e       0x34 d:/program files (x86)/atmel/studio/7.0/toolchain/avr8/avr8-gnu-toolchain/bin/../lib/gcc/avr/4.9.2/../../../../avr/lib/avr5\libc.a(utoa_ncheck.o)
                0x0000b85e                __utoa_ncheck
                0x0000b860                __utoa_common
 .text.avr-libc
                0x0000b892        0x6 d:/program files (x86)/atmel/studio/7.0/toolchain/avr8/avr8-gnu-toolchain/bin/../lib/gcc/avr/4.9.2/../../../../avr/lib/avr5\libc.a(cty_isfalse.o)
                0x0000b892                __ctype_isfalse
                0x0000b896                __ctype_istrue
 .text.avr-libc
                0x0000b898       0x20 d:/program files (x86)/atmel/studio/7.0/toolchain/avr8/avr8-gnu-toolchain/bin/../lib/gcc/avr/4.9.2/../../../../avr/lib/avr5\libc.a(strrev.o)
                0x0000b898                strrev
 .text.avr-libc
                0x0000b8b8       0x10 D:/Program Files (x86)/Atmel/Studio/7.0/Packs/atmel/ATmega_DFP/1.1.130/gcc/dev/atmega644/avr5\libatmega644.a(eerd_byte.o)
                0x0000b8b8                eeprom_read_byte
 .text.avr-libc
                0x0000b8c8       0x1c D:/Program Files (x86)/Atmel/Studio/7.0/Packs/atmel/ATmega_DFP/1.1.130/gcc/dev/atmega644/avr5\libatmega644.a(eewr_byte.o)
                0x0000b8c8                eeprom_write_byte
                0x0000b8ca                eeprom_write_r18
 .text.libgcc.mul
                0x0000b8e4       0x20 d:/program files (x86)/atmel/studio/7.0/toolchain/avr8/avr8-gnu-toolchain/bin/../lib/gcc/avr/4.9.2/avr5\libgcc.a(_mulsi3.o)
                0x0000b8e4                __mulsi3
 .text.libgcc.div
                0x0000b904       0x2e d:/program files (x86)/atmel/studio/7.0/toolchain/avr8/avr8-gnu-toolchain/bin/../lib/gcc/avr/4.9.2/avr5\libgcc.a(_divmodsi4.o)
                0x0000b904                __divmodsi4
 .text.libgcc.div
                0x0000b932       0x10 d:/program files (x86)/atmel/studio/7.0/toolchain/avr8/avr8-gnu-toolchain/bin/../lib/gcc/avr/4.9.2/avr5\libgcc.a(_negsi2.o)
                0x0000b932                __negsi2
 .text.libgcc.mul
                0x0000b942       0x16 d:/program files (x86)/atmel/studio/7.0/toolchain/avr8/avr8-gnu-toolchain/bin/../lib/gcc/avr/4.9.2/avr5\libgcc.a(_muluhisi3.o)
                0x0000b942                __muluhisi3
 .text.libgcc.mul
                0x0000b958       0x10 d:/program files (x86)/atmel/studio/7.0/toolchain/avr8/avr8-gnu-toolchain/bin/../lib/gcc/avr/4.9.2/avr5\libgcc.a(_mulshisi3.o)
                0x0000b958                __mulshisi3
                0x0000b95e                __mulohisi3
 .text.libgcc.prologue
                0x0000b968       0x38 d:/program files (x86)/atmel/studio/7.0/toolchain/avr8/avr8-gnu-toolchain/bin/../lib/gcc/avr/4.9.2/avr5\libgcc.a(_prologue.o)
                0x0000b968                __prologue_saves__
 .text.libgcc.prologue
                0x0000b9a0       0x36 d:/program files (x86)/atmel/studio/7.0/toolchain/avr8/avr8-gnu-toolchain/bin/../lib/gcc/avr/4.9.2/avr5\libgcc.a(_epilogue.o)
                0x0000b9a0                __epilogue_restores__
                0x0000b9d6                . = ALIGN (0x2)
 *(.fini9)
 .fini9         0x0000b9d6        0x0 d:/program files (x86)/atmel/studio/7.0/toolchain/avr8/avr8-gnu-toolchain/bin/../lib/gcc/avr/4.9.2/avr5\libgcc.a(_exit.o)
                0x0000b9d6                _exit
                0x0000b9d6                exit
 *(.fini9)
 *(.fini8)
 *(.fini8)
 *(.fini7)
 *(.fini7)
 *(.fini6)
 *(.fini6)
 *(.fini5)
 *(.fini5)
 *(.fini4)
 *(.fini4)
 *(.fini3)
 *(.fini3)
 *(.fini2)
 *(.fini2)
 *(.fini1)
 *(.fini1)
 *(.fini0)
 .fini0         0x0000b9d6        0x4 d:/program files (x86)/atmel/studio/7.0/toolchain/avr8/avr8-gnu-toolchain/bin/../lib/gcc/avr/4.9.2/avr5\libgcc.a(_exit.o)
 *(.fini0)
                0x0000b9da                _etext = .

.data           0x00800100      0x164 load address 0x0000b9da
                0x00800100                PROVIDE (__data_start, .)
 *(.data)
 .data          0x00800100       0x40 cmd.o
                0x00800100                COMMAND_TABELLE
 .data          0x00800140       0x5b httpd.o
                0x00800140                WEBPAGE_TABLE
                0x00800160                post_in
                0x00800165                post_ready
                0x0080016a                dstr
                0x00800182                var_array
                0x00800196                rx_header_end
 .data          0x0080019b        0x4 usart.o
                0x0080019b                rx_buffer_pointer_in
                0x0080019d                rx_buffer_pointer_out
 .data          0x0080019f        0x4 d:/program files (x86)/atmel/studio/7.0/toolchain/avr8/avr8-gnu-toolchain/bin/../lib/gcc/avr/4.9.2/../../../../avr/lib/avr5\libc.a(rand.o)
 *(.data*)
 *(.rodata)
 .rodata        0x008001a3       0x47 cmd.o
 .rodata        0x008001ea       0x79 httpd.o
 *(.rodata*)
 *(.gnu.linkonce.d*)
                0x00800264                . = ALIGN (0x2)
 *fill*         0x00800263        0x1 
                0x00800264                _edata = .
                0x00800264                PROVIDE (__data_end, .)

.bss            0x00800264      0x668
                0x00800264                PROVIDE (__bss_start, .)
 *(.bss)
 .bss           0x00800264        0x4 networkcard/enc28j60.o
                0x00800264                enc_revid
 .bss           0x00800268       0x2a stack.o
                0x00800268                TCP_PORT_TABLE
                0x0080027c                UDP_PORT_TABLE
                0x00800290                IP_id_counter
 .bss           0x00800292        0x2 usart.o
                0x00800292                buffercounter
 *(.bss*)
 *(COMMON)
 COMMON         0x00800294       0x65 base64.o
                0x00800294                usart_status
                0x00800295                usart_rx_buffer
 COMMON         0x008002f9       0xdc cmd.o
                0x008002f9                arp_entry
                0x00800335                eth
                0x00800336                variable
                0x0080034a                gp_timer
                0x0080034b                tcp_entry
                0x008003cf                stack_watchdog
                0x008003d1                time
 COMMON         0x008003d5       0x25 game/text.o
                0x008003d5                textbuff
 COMMON         0x008003fa        0x6 networkcard/enc28j60.o
                0x008003fa                mymac
 COMMON         0x00800400      0x4ca stack.o
                0x00800400                eth_buffer
                0x008008b1                ping
                0x008008b7                retransmission_pointer
                0x008008b9                myip
                0x008008bd                router_ip
                0x008008c1                netmask
                0x008008c5                telnetd_status
                0x008008c6                broadcast_ip
 COMMON         0x008008ca        0x2 d:/program files (x86)/atmel/studio/7.0/toolchain/avr8/avr8-gnu-toolchain/bin/../lib/gcc/avr/4.9.2/../../../../avr/lib/avr5\libc.a(errno.o)
                0x008008ca                errno
                0x008008cc                PROVIDE (__bss_end, .)
                0x0000b9da                __data_load_start = LOADADDR (.data)
                0x0000bb3e                __data_load_end = (__data_load_start + SIZEOF (.data))

.noinit         0x008008cc        0x0
                [!provide]                PROVIDE (__noinit_start, .)
 *(.noinit*)
                [!provide]                PROVIDE (__noinit_end, .)
                0x008008cc                _end = .
                [!provide]                PROVIDE (__heap_start, .)

.eeprom         0x00810000        0x0
 *(.eeprom*)
                0x00810000                __eeprom_end = .

.fuse
 *(.fuse)
 *(.lfuse)
 *(.hfuse)
 *(.efuse)

.lock
 *(.lock*)

.signature
 *(.signature*)

.user_signatures
 *(.user_signatures*)

.stab
 *(.stab)

.stabstr
 *(.stabstr)

.stab.excl
 *(.stab.excl)

.stab.exclstr
 *(.stab.exclstr)

.stab.index
 *(.stab.index)

.stab.indexstr
 *(.stab.indexstr)

.comment        0x00000000       0x5c
 *(.comment)
 .comment       0x00000000       0x30 base64.o
                                 0x31 (size before relaxing)
 .comment       0x00000030       0x31 cmd.o
 .comment       0x00000030       0x31 game/glcd.o
 .comment       0x00000030       0x31 game/other.o
 .comment       0x00000030       0x31 game/ppong.o
 .comment       0x00000030       0x31 game/text.o
 .comment       0x00000030       0x31 game/timings.o
 .comment       0x00000030       0x31 httpd.o
 .comment       0x00000030       0x31 main.o
 .comment       0x00000030       0x31 networkcard/enc28j60.o
 .comment       0x00000030       0x31 stack.o
 .comment       0x00000030       0x31 timer.o
 .comment       0x00000030       0x31 usart.o
 .comment       0x00000030       0x31 d:/program files (x86)/atmel/studio/7.0/toolchain/avr8/avr8-gnu-toolchain/bin/../lib/gcc/avr/4.9.2/../../../../avr/lib/avr5\libc.a(rand.o)
 .comment       0x00000030       0x31 d:/program files (x86)/atmel/studio/7.0/toolchain/avr8/avr8-gnu-toolchain/bin/../lib/gcc/avr/4.9.2/../../../../avr/lib/avr5\libc.a(strtol.o)
 .comment       0x00000030       0x2c d:/program files (x86)/atmel/studio/7.0/toolchain/avr8/avr8-gnu-toolchain/bin/../lib/gcc/avr/4.9.2/../../../../avr/lib/avr5\libc.a(errno.o)
                                 0x2d (size before relaxing)

.note.gnu.avr.deviceinfo
                0x00000000       0x3c
 .note.gnu.avr.deviceinfo
                0x00000000       0x3c D:/Program Files (x86)/Atmel/Studio/7.0/Packs/atmel/ATmega_DFP/1.1.130/gcc/dev/atmega644/avr5/crtatmega644.o

.note.gnu.build-id
 *(.note.gnu.build-id)

.debug
 *(.debug)

.line
 *(.line)

.debug_srcinfo
 *(.debug_srcinfo)

.debug_sfnames
 *(.debug_sfnames)

.debug_aranges  0x00000000      0x1e0
 *(.debug_aranges)
 .debug_aranges
                0x00000000       0x20 base64.o
 .debug_aranges
                0x00000020       0x20 cmd.o
 .debug_aranges
                0x00000040       0x20 game/glcd.o
 .debug_aranges
                0x00000060       0x20 game/other.o
 .debug_aranges
                0x00000080       0x20 game/ppong.o
 .debug_aranges
                0x000000a0       0x20 game/text.o
 .debug_aranges
                0x000000c0       0x20 game/timings.o
 .debug_aranges
                0x000000e0       0x20 httpd.o
 .debug_aranges
                0x00000100       0x20 main.o
 .debug_aranges
                0x00000120       0x20 networkcard/enc28j60.o
 .debug_aranges
                0x00000140       0x20 stack.o
 .debug_aranges
                0x00000160       0x20 timer.o
 .debug_aranges
                0x00000180       0x20 usart.o
 .debug_aranges
                0x000001a0       0x20 D:/Program Files (x86)/Atmel/Studio/7.0/Packs/atmel/ATmega_DFP/1.1.130/gcc/dev/atmega644/avr5\libatmega644.a(eerd_byte.o)
 .debug_aranges
                0x000001c0       0x20 D:/Program Files (x86)/Atmel/Studio/7.0/Packs/atmel/ATmega_DFP/1.1.130/gcc/dev/atmega644/avr5\libatmega644.a(eewr_byte.o)

.debug_pubnames
 *(.debug_pubnames)

.debug_info     0x00000000     0x6eb5
 *(.debug_info .gnu.linkonce.wi.*)
 .debug_info    0x00000000      0x672 D:/Program Files (x86)/Atmel/Studio/7.0/Packs/atmel/ATmega_DFP/1.1.130/gcc/dev/atmega644/avr5/crtatmega644.o
 .debug_info    0x00000672      0x1de base64.o
 .debug_info    0x00000850      0xca5 cmd.o
 .debug_info    0x000014f5      0xf99 game/glcd.o
 .debug_info    0x0000248e      0x1c5 game/other.o
 .debug_info    0x00002653      0x743 game/ppong.o
 .debug_info    0x00002d96      0x3f4 game/text.o
 .debug_info    0x0000318a       0xbf game/timings.o
 .debug_info    0x00003249      0xb3c httpd.o
 .debug_info    0x00003d85      0x65e main.o
 .debug_info    0x000043e3      0x6af networkcard/enc28j60.o
 .debug_info    0x00004a92     0x191f stack.o
 .debug_info    0x000063b1      0x3de timer.o
 .debug_info    0x0000678f      0x5d0 usart.o
 .debug_info    0x00006d5f       0xab D:/Program Files (x86)/Atmel/Studio/7.0/Packs/atmel/ATmega_DFP/1.1.130/gcc/dev/atmega644/avr5\libatmega644.a(eerd_byte.o)
 .debug_info    0x00006e0a       0xab D:/Program Files (x86)/Atmel/Studio/7.0/Packs/atmel/ATmega_DFP/1.1.130/gcc/dev/atmega644/avr5\libatmega644.a(eewr_byte.o)

.debug_abbrev   0x00000000     0x1942
 *(.debug_abbrev)
 .debug_abbrev  0x00000000      0x619 D:/Program Files (x86)/Atmel/Studio/7.0/Packs/atmel/ATmega_DFP/1.1.130/gcc/dev/atmega644/avr5/crtatmega644.o
 .debug_abbrev  0x00000619       0xd4 base64.o
 .debug_abbrev  0x000006ed      0x1f9 cmd.o
 .debug_abbrev  0x000008e6      0x1ca game/glcd.o
 .debug_abbrev  0x00000ab0       0xcb game/other.o
 .debug_abbrev  0x00000b7b      0x203 game/ppong.o
 .debug_abbrev  0x00000d7e      0x100 game/text.o
 .debug_abbrev  0x00000e7e       0x94 game/timings.o
 .debug_abbrev  0x00000f12      0x1d1 httpd.o
 .debug_abbrev  0x000010e3      0x158 main.o
 .debug_abbrev  0x0000123b      0x1e7 networkcard/enc28j60.o
 .debug_abbrev  0x00001422      0x286 stack.o
 .debug_abbrev  0x000016a8       0xf2 timer.o
 .debug_abbrev  0x0000179a      0x180 usart.o
 .debug_abbrev  0x0000191a       0x14 D:/Program Files (x86)/Atmel/Studio/7.0/Packs/atmel/ATmega_DFP/1.1.130/gcc/dev/atmega644/avr5\libatmega644.a(eerd_byte.o)
 .debug_abbrev  0x0000192e       0x14 D:/Program Files (x86)/Atmel/Studio/7.0/Packs/atmel/ATmega_DFP/1.1.130/gcc/dev/atmega644/avr5\libatmega644.a(eewr_byte.o)

.debug_line     0x00000000     0x447e
 *(.debug_line .debug_line.* .debug_line_end)
 .debug_line    0x00000000      0x13f D:/Program Files (x86)/Atmel/Studio/7.0/Packs/atmel/ATmega_DFP/1.1.130/gcc/dev/atmega644/avr5/crtatmega644.o
 .debug_line    0x0000013f      0x156 base64.o
 .debug_line    0x00000295      0x4b1 cmd.o
 .debug_line    0x00000746      0xba2 game/glcd.o
 .debug_line    0x000012e8      0x114 game/other.o
 .debug_line    0x000013fc      0x766 game/ppong.o
 .debug_line    0x00001b62      0x308 game/text.o
 .debug_line    0x00001e6a      0x131 game/timings.o
 .debug_line    0x00001f9b      0x606 httpd.o
 .debug_line    0x000025a1      0x1b0 main.o
 .debug_line    0x00002751      0x5d3 networkcard/enc28j60.o
 .debug_line    0x00002d24     0x119e stack.o
 .debug_line    0x00003ec2      0x105 timer.o
 .debug_line    0x00003fc7      0x39f usart.o
 .debug_line    0x00004366       0x7a D:/Program Files (x86)/Atmel/Studio/7.0/Packs/atmel/ATmega_DFP/1.1.130/gcc/dev/atmega644/avr5\libatmega644.a(eerd_byte.o)
 .debug_line    0x000043e0       0x9e D:/Program Files (x86)/Atmel/Studio/7.0/Packs/atmel/ATmega_DFP/1.1.130/gcc/dev/atmega644/avr5\libatmega644.a(eewr_byte.o)

.debug_frame    0x00000000     0x1258
 *(.debug_frame)
 .debug_frame   0x00000000       0x34 base64.o
 .debug_frame   0x00000034      0x2c0 cmd.o
 .debug_frame   0x000002f4      0x2a8 game/glcd.o
 .debug_frame   0x0000059c       0x74 game/other.o
 .debug_frame   0x00000610      0x20c game/ppong.o
 .debug_frame   0x0000081c       0xd4 game/text.o
 .debug_frame   0x000008f0       0x34 game/timings.o
 .debug_frame   0x00000924       0xb4 httpd.o
 .debug_frame   0x000009d8       0x34 main.o
 .debug_frame   0x00000a0c      0x234 networkcard/enc28j60.o
 .debug_frame   0x00000c40      0x494 stack.o
 .debug_frame   0x000010d4       0x7c timer.o
 .debug_frame   0x00001150      0x108 usart.o

.debug_str      0x00000000     0x14e0
 *(.debug_str)
 .debug_str     0x00000000      0x231 D:/Program Files (x86)/Atmel/Studio/7.0/Packs/atmel/ATmega_DFP/1.1.130/gcc/dev/atmega644/avr5/crtatmega644.o
 .debug_str     0x00000231      0x1e3 base64.o
                                0x21c (size before relaxing)
 .debug_str     0x00000414      0x2d4 cmd.o
                                0x4de (size before relaxing)
 .debug_str     0x000006e8      0x125 game/glcd.o
                                0x26e (size before relaxing)
 .debug_str     0x0000080d       0x5f game/other.o
                                0x1a6 (size before relaxing)
 .debug_str     0x0000086c      0x1f8 game/ppong.o
                                0x37a (size before relaxing)
 .debug_str     0x00000a64       0xf6 game/text.o
                                0x265 (size before relaxing)
 .debug_str     0x00000b5a       0x20 game/timings.o
                                0x167 (size before relaxing)
 .debug_str     0x00000b7a      0x210 httpd.o
                                0x514 (size before relaxing)
 .debug_str     0x00000d8a       0x2b main.o
                                0x338 (size before relaxing)
 .debug_str     0x00000db5      0x14b networkcard/enc28j60.o
                                0x354 (size before relaxing)
 .debug_str     0x00000f00      0x4e2 stack.o
                                0x83c (size before relaxing)
 .debug_str     0x000013e2       0x32 timer.o
                                0x307 (size before relaxing)
 .debug_str     0x00001414       0xcc usart.o
                                0x3d7 (size before relaxing)

.debug_loc      0x00000000     0x261e
 *(.debug_loc)
 .debug_loc     0x00000000       0x47 base64.o
 .debug_loc     0x00000047      0x598 cmd.o
 .debug_loc     0x000005df      0x5ad game/glcd.o
 .debug_loc     0x00000b8c       0xd8 game/other.o
 .debug_loc     0x00000c64      0x44e game/ppong.o
 .debug_loc     0x000010b2      0x1ac game/text.o
 .debug_loc     0x0000125e       0x48 game/timings.o
 .debug_loc     0x000012a6      0x15a httpd.o
 .debug_loc     0x00001400       0x47 main.o
 .debug_loc     0x00001447      0x4ab networkcard/enc28j60.o
 .debug_loc     0x000018f2      0xa18 stack.o
 .debug_loc     0x0000230a       0xde timer.o
 .debug_loc     0x000023e8      0x236 usart.o

.debug_macinfo
 *(.debug_macinfo)

.debug_weaknames
 *(.debug_weaknames)

.debug_funcnames
 *(.debug_funcnames)

.debug_typenames
 *(.debug_typenames)

.debug_varnames
 *(.debug_varnames)

.debug_pubtypes
 *(.debug_pubtypes)

.debug_ranges
 *(.debug_ranges)

.debug_macro
 *(.debug_macro)
OUTPUT(main.elf elf32-avr)
LOAD linker stubs
