Archive member included to satisfy reference by file (symbol)

d:/program files (x86)/atmel/studio/7.0/toolchain/avr8/avr8-gnu-toolchain/bin/../lib/gcc/avr/4.9.2/../../../../avr/lib/avr5\libm.a(addsf3.o)
                              src/Game/glcd.o (__subsf3)
d:/program files (x86)/atmel/studio/7.0/toolchain/avr8/avr8-gnu-toolchain/bin/../lib/gcc/avr/4.9.2/../../../../avr/lib/avr5\libm.a(addsf3x.o)
                              d:/program files (x86)/atmel/studio/7.0/toolchain/avr8/avr8-gnu-toolchain/bin/../lib/gcc/avr/4.9.2/../../../../avr/lib/avr5\libm.a(addsf3.o) (__addsf3x)
d:/program files (x86)/atmel/studio/7.0/toolchain/avr8/avr8-gnu-toolchain/bin/../lib/gcc/avr/4.9.2/../../../../avr/lib/avr5\libm.a(fixunssfsi.o)
                              src/Game/glcd.o (__fixunssfsi)
d:/program files (x86)/atmel/studio/7.0/toolchain/avr8/avr8-gnu-toolchain/bin/../lib/gcc/avr/4.9.2/../../../../avr/lib/avr5\libm.a(floatsisf.o)
                              src/Game/glcd.o (__floatunsisf)
d:/program files (x86)/atmel/studio/7.0/toolchain/avr8/avr8-gnu-toolchain/bin/../lib/gcc/avr/4.9.2/../../../../avr/lib/avr5\libm.a(fmax.o)
                              src/Game/glcd.o (fmax)
d:/program files (x86)/atmel/studio/7.0/toolchain/avr8/avr8-gnu-toolchain/bin/../lib/gcc/avr/4.9.2/../../../../avr/lib/avr5\libm.a(fmin.o)
                              src/Game/glcd.o (fmin)
d:/program files (x86)/atmel/studio/7.0/toolchain/avr8/avr8-gnu-toolchain/bin/../lib/gcc/avr/4.9.2/../../../../avr/lib/avr5\libm.a(fp_inf.o)
                              d:/program files (x86)/atmel/studio/7.0/toolchain/avr8/avr8-gnu-toolchain/bin/../lib/gcc/avr/4.9.2/../../../../avr/lib/avr5\libm.a(addsf3x.o) (__fp_inf)
d:/program files (x86)/atmel/studio/7.0/toolchain/avr8/avr8-gnu-toolchain/bin/../lib/gcc/avr/4.9.2/../../../../avr/lib/avr5\libm.a(fp_nan.o)
                              d:/program files (x86)/atmel/studio/7.0/toolchain/avr8/avr8-gnu-toolchain/bin/../lib/gcc/avr/4.9.2/../../../../avr/lib/avr5\libm.a(addsf3x.o) (__fp_nan)
d:/program files (x86)/atmel/studio/7.0/toolchain/avr8/avr8-gnu-toolchain/bin/../lib/gcc/avr/4.9.2/../../../../avr/lib/avr5\libm.a(fp_pscA.o)
                              d:/program files (x86)/atmel/studio/7.0/toolchain/avr8/avr8-gnu-toolchain/bin/../lib/gcc/avr/4.9.2/../../../../avr/lib/avr5\libm.a(addsf3x.o) (__fp_pscA)
d:/program files (x86)/atmel/studio/7.0/toolchain/avr8/avr8-gnu-toolchain/bin/../lib/gcc/avr/4.9.2/../../../../avr/lib/avr5\libm.a(fp_pscB.o)
                              d:/program files (x86)/atmel/studio/7.0/toolchain/avr8/avr8-gnu-toolchain/bin/../lib/gcc/avr/4.9.2/../../../../avr/lib/avr5\libm.a(addsf3x.o) (__fp_pscB)
d:/program files (x86)/atmel/studio/7.0/toolchain/avr8/avr8-gnu-toolchain/bin/../lib/gcc/avr/4.9.2/../../../../avr/lib/avr5\libm.a(fp_round.o)
                              d:/program files (x86)/atmel/studio/7.0/toolchain/avr8/avr8-gnu-toolchain/bin/../lib/gcc/avr/4.9.2/../../../../avr/lib/avr5\libm.a(addsf3.o) (__fp_round)
d:/program files (x86)/atmel/studio/7.0/toolchain/avr8/avr8-gnu-toolchain/bin/../lib/gcc/avr/4.9.2/../../../../avr/lib/avr5\libm.a(fp_split3.o)
                              d:/program files (x86)/atmel/studio/7.0/toolchain/avr8/avr8-gnu-toolchain/bin/../lib/gcc/avr/4.9.2/../../../../avr/lib/avr5\libm.a(addsf3x.o) (__fp_split3)
d:/program files (x86)/atmel/studio/7.0/toolchain/avr8/avr8-gnu-toolchain/bin/../lib/gcc/avr/4.9.2/../../../../avr/lib/avr5\libm.a(fp_zero.o)
                              d:/program files (x86)/atmel/studio/7.0/toolchain/avr8/avr8-gnu-toolchain/bin/../lib/gcc/avr/4.9.2/../../../../avr/lib/avr5\libm.a(addsf3x.o) (__fp_zero)
d:/program files (x86)/atmel/studio/7.0/toolchain/avr8/avr8-gnu-toolchain/bin/../lib/gcc/avr/4.9.2/../../../../avr/lib/avr5\libm.a(sqrt.o)
                              src/Game/glcd.o (sqrt)
d:/program files (x86)/atmel/studio/7.0/toolchain/avr8/avr8-gnu-toolchain/bin/../lib/gcc/avr/4.9.2/../../../../avr/lib/avr5\libm.a(fp_mpack.o)
                              d:/program files (x86)/atmel/studio/7.0/toolchain/avr8/avr8-gnu-toolchain/bin/../lib/gcc/avr/4.9.2/../../../../avr/lib/avr5\libm.a(sqrt.o) (__fp_mpack)
d:/program files (x86)/atmel/studio/7.0/toolchain/avr8/avr8-gnu-toolchain/bin/../lib/gcc/avr/4.9.2/../../../../avr/lib/avr5\libm.a(fp_norm2.o)
                              d:/program files (x86)/atmel/studio/7.0/toolchain/avr8/avr8-gnu-toolchain/bin/../lib/gcc/avr/4.9.2/../../../../avr/lib/avr5\libm.a(sqrt.o) (__fp_norm2)
d:/program files (x86)/atmel/studio/7.0/toolchain/avr8/avr8-gnu-toolchain/bin/../lib/gcc/avr/4.9.2/avr5\libgcc.a(_udivmodsi4.o)
                              src/NetStack/cmd.o (__udivmodsi4)
d:/program files (x86)/atmel/studio/7.0/toolchain/avr8/avr8-gnu-toolchain/bin/../lib/gcc/avr/4.9.2/avr5\libgcc.a(_exit.o)
                              D:/Program Files (x86)/Atmel/Studio/7.0/Packs/atmel/ATmega_DFP/1.1.130/gcc/dev/atmega644/avr5/crtatmega644.o (exit)
[...]
Memory Configuration

Name             Origin             Length             Attributes
text             0x00000000         0x00020000         xr
data             0x00800060         0x0000ffa0         rw !x
eeprom           0x00810000         0x00010000         rw !x
fuse             0x00820000         0x00000003         rw !x
lock             0x00830000         0x00000400         rw !x
signature        0x00840000         0x00000400         rw !x
user_signatures  0x00850000         0x00000400         rw !x
*default*        0x00000000         0xffffffff

Linker script and memory map

Address of section .data set to 0x800100
LOAD D:/Program Files (x86)/Atmel/Studio/7.0/Packs/atmel/ATmega_DFP/1.1.130/gcc/dev/atmega644/avr5/crtatmega644.o
LOAD main.o
LOAD src/Game/glcd.o
LOAD src/Game/other.o
LOAD src/Game/ppong.o
LOAD src/Game/text.o
LOAD src/Game/timings.o
LOAD src/NetStack/base64.o
LOAD src/NetStack/cmd.o
LOAD src/NetStack/dhcpc.o
LOAD src/NetStack/dnsc.o
LOAD src/NetStack/enc28j60.o
LOAD src/NetStack/stack.o
LOAD src/NetStack/telnetd.o
LOAD src/NetStack/timer.o
LOAD src/NetStack/usart.o
START GROUP
LOAD d:/program files (x86)/atmel/studio/7.0/toolchain/avr8/avr8-gnu-toolchain/bin/../lib/gcc/avr/4.9.2/../../../../avr/lib/avr5\libm.a
END GROUP
START GROUP
LOAD d:/program files (x86)/atmel/studio/7.0/toolchain/avr8/avr8-gnu-toolchain/bin/../lib/gcc/avr/4.9.2/avr5\libgcc.a
LOAD d:/program files (x86)/atmel/studio/7.0/toolchain/avr8/avr8-gnu-toolchain/bin/../lib/gcc/avr/4.9.2/../../../../avr/lib/avr5\libm.a
LOAD d:/program files (x86)/atmel/studio/7.0/toolchain/avr8/avr8-gnu-toolchain/bin/../lib/gcc/avr/4.9.2/../../../../avr/lib/avr5\libc.a
LOAD D:/Program Files (x86)/Atmel/Studio/7.0/Packs/atmel/ATmega_DFP/1.1.130/gcc/dev/atmega644/avr5\libatmega644.a
END GROUP
                0x00020000                __TEXT_REGION_LENGTH__ = DEFINED (__TEXT_REGION_LENGTH__)?__TEXT_REGION_LENGTH__:0x20000
                0x0000ffa0                __DATA_REGION_LENGTH__ = DEFINED (__DATA_REGION_LENGTH__)?__DATA_REGION_LENGTH__:0xffa0
                0x00010000                __EEPROM_REGION_LENGTH__ = DEFINED (__EEPROM_REGION_LENGTH__)?__EEPROM_REGION_LENGTH__:0x10000
                [0x00000003]                __FUSE_REGION_LENGTH__ = DEFINED (__FUSE_REGION_LENGTH__)?__FUSE_REGION_LENGTH__:0x400
                0x00000400                __LOCK_REGION_LENGTH__ = DEFINED (__LOCK_REGION_LENGTH__)?__LOCK_REGION_LENGTH__:0x400
                0x00000400                __SIGNATURE_REGION_LENGTH__ = DEFINED (__SIGNATURE_REGION_LENGTH__)?__SIGNATURE_REGION_LENGTH__:0x400
                0x00000400                __USER_SIGNATURE_REGION_LENGTH__ = DEFINED (__USER_SIGNATURE_REGION_LENGTH__)?__USER_SIGNATURE_REGION_LENGTH__:0x400

.hash
 *(.hash)

.dynsym
 *(.dynsym)

.dynstr
 *(.dynstr)

.gnu.version
 *(.gnu.version)

.gnu.version_d
 *(.gnu.version_d)

.gnu.version_r
 *(.gnu.version_r)

.rel.init
 *(.rel.init)

.rela.init
 *(.rela.init)

.rel.text
 *(.rel.text)
 *(.rel.text.*)
 *(.rel.gnu.linkonce.t*)

.rela.text
 *(.rela.text)
 *(.rela.text.*)
 *(.rela.gnu.linkonce.t*)

.rel.fini
 *(.rel.fini)

.rela.fini
 *(.rela.fini)

.rel.rodata
 *(.rel.rodata)
 *(.rel.rodata.*)
 *(.rel.gnu.linkonce.r*)

.rela.rodata
 *(.rela.rodata)
 *(.rela.rodata.*)
 *(.rela.gnu.linkonce.r*)

.rel.data
 *(.rel.data)
 *(.rel.data.*)
 *(.rel.gnu.linkonce.d*)

.rela.data
 *(.rela.data)
 *(.rela.data.*)
 *(.rela.gnu.linkonce.d*)

.rel.ctors
 *(.rel.ctors)

.rela.ctors
 *(.rela.ctors)

.rel.dtors
 *(.rel.dtors)

.rela.dtors
 *(.rela.dtors)

.rel.got
 *(.rel.got)

.rela.got
 *(.rela.got)

.rel.bss
 *(.rel.bss)

.rela.bss
 *(.rela.bss)

.rel.plt
 *(.rel.plt)

.rela.plt
 *(.rela.plt)

.text           0x00000000     0x38a8
 *(.vectors)
 .vectors       0x00000000       0x70 D:/Program Files (x86)/Atmel/Studio/7.0/Packs/atmel/ATmega_DFP/1.1.130/gcc/dev/atmega644/avr5/crtatmega644.o
                0x00000000                __vector_default
                0x00000000                __vectors
 *(.vectors)
 *(.progmem.gcc*)
                0x00000070                . = ALIGN (0x2)
                0x00000070                __trampolines_start = .
 *(.trampolines)
 .trampolines   0x00000070        0x0 linker stubs
 *(.trampolines*)
                0x00000070                __trampolines_end = .
 *libprintf_flt.a:*(.progmem.data)
 *libc.a:*(.progmem.data)
 *(.progmem*)
 .progmem.data.__c.2458
                0x00000070       0x18 main.o
 .progmem.data.__c.2456
                0x00000088        0xa main.o
 .progmem.data.__c.2454
                0x00000092        0xa main.o
 .progmem.data.__c.2452
                0x0000009c        0x3 main.o
 .progmem.data.__c.2450
                0x0000009f       0x17 main.o
 .progmem.data.__c.2448
                0x000000b6       0x17 main.o
 .progmem.data.__c.2446
                0x000000cd       0x19 main.o
 .progmem.data.__c.2441
                0x000000e6       0x23 main.o
 .progmem.data.__c.2439
                0x00000109       0x28 main.o
 .progmem.data.__c.2437
                0x00000131       0x11 main.o
 .progmem.data.__c.2563
                0x00000142        0x3 src/NetStack/cmd.o
 .progmem.data.__c.2544
                0x00000145       0x16 src/NetStack/cmd.o
 .progmem.data.__c.2533
                0x0000015b        0xd src/NetStack/cmd.o
 .progmem.data.__c.2531
                0x00000168        0xb src/NetStack/cmd.o
 .progmem.data.__c.2529
                0x00000173        0x5 src/NetStack/cmd.o
 .progmem.data.__c.2527
                0x00000178        0x5 src/NetStack/cmd.o
 .progmem.data.__c.2525
                0x0000017d        0x5 src/NetStack/cmd.o
 .progmem.data.__c.2523
                0x00000182        0x9 src/NetStack/cmd.o
 .progmem.data.__c.2521
                0x0000018b        0x4 src/NetStack/cmd.o
 .progmem.data.__c.2512
                0x0000018f        0xd src/NetStack/cmd.o
 .progmem.data.__c.2510
                0x0000019c        0x5 src/NetStack/cmd.o
 .progmem.data.__c.2508
                0x000001a1        0x5 src/NetStack/cmd.o
 .progmem.data.__c.2506
                0x000001a6        0x5 src/NetStack/cmd.o
 .progmem.data.__c.2504
                0x000001ab        0x9 src/NetStack/cmd.o
 .progmem.data.__c.2502
                0x000001b4        0x5 src/NetStack/cmd.o
 .progmem.data.__c.2500
                0x000001b9        0x5 src/NetStack/cmd.o
 .progmem.data.__c.2498
                0x000001be        0x5 src/NetStack/cmd.o
 .progmem.data.__c.2496
                0x000001c3        0x5 src/NetStack/cmd.o
 .progmem.data.__c.2494
                0x000001c8        0x5 src/NetStack/cmd.o
 .progmem.data.__c.2492
                0x000001cd        0xd src/NetStack/cmd.o
 .progmem.data.__c.2486
                0x000001da       0x18 src/NetStack/cmd.o
 .progmem.data.__c.2481
                0x000001f2       0x22 src/NetStack/cmd.o
 .progmem.data.__c.2476
                0x00000214       0x1d src/NetStack/cmd.o
 .progmem.data.__c.2471
                0x00000231       0x1b src/NetStack/cmd.o
 .progmem.data.__c.2454
                0x0000024c       0x19 src/NetStack/cmd.o
 .progmem.data.helptext
                0x00000265      0x194 src/NetStack/cmd.o
                0x00000265                helptext
 .progmem.data.enc_configdata
                0x000003f9       0x36 src/NetStack/enc28j60.o
 .progmem.data.__c.2590
                0x0000042f       0x12 src/NetStack/stack.o
 .progmem.data.__c.2579
                0x00000441       0x27 src/NetStack/stack.o
 .progmem.data.__c.2577
                0x00000468       0x27 src/NetStack/stack.o
 .progmem.data.__c.2575
                0x0000048f       0x1d src/NetStack/stack.o
 .progmem.data.__c.2573
                0x000004ac       0x26 src/NetStack/stack.o
 .progmem.data.__c.2571
                0x000004d2       0x21 src/NetStack/stack.o
 .progmem.data.__c.2569
                0x000004f3       0x2e src/NetStack/stack.o
 .progmem.data.__c.2567
                0x00000521       0x21 src/NetStack/stack.o
 .progmem.data.__c.2565
                0x00000542       0x20 src/NetStack/stack.o
 .progmem.data.__c.2542
                0x00000562       0x20 src/NetStack/stack.o
 .progmem.data.__c.2524
                0x00000582       0x25 src/NetStack/stack.o
 .progmem.data.__c.2519
                0x000005a7       0x1d src/NetStack/stack.o
 .progmem.data.__c.2513
                0x000005c4       0x18 src/NetStack/stack.o
 .progmem.data.__c.2473
                0x000005dc       0x22 src/NetStack/stack.o
 .progmem.data.__c.2468
                0x000005fe       0x18 src/NetStack/stack.o
 .progmem.data.__c.2463
                0x00000616        0xb src/NetStack/stack.o
 .progmem.data.__c.2461
                0x00000621        0xe src/NetStack/stack.o
 .progmem.data.__c.2448
                0x0000062f       0x17 src/NetStack/stack.o
 .progmem.data.__c.2446
                0x00000646       0x1d src/NetStack/stack.o
 .progmem.data.__c.2431
                0x00000663       0x1e src/NetStack/stack.o
 .progmem.data.__c.2411
                0x00000681       0x1a src/NetStack/stack.o
 .progmem.data.__c.2406
                0x0000069b       0x1b src/NetStack/stack.o
 .progmem.data.__c.2377
                0x000006b6        0x6 src/NetStack/stack.o
 .progmem.data.__c.2375
                0x000006bc        0x4 src/NetStack/stack.o
 .progmem.data.__c.2373
                0x000006c0        0x4 src/NetStack/stack.o
 .progmem.data.__c.2371
                0x000006c4        0x3 src/NetStack/stack.o
 .progmem.data.__c.2289
                0x000006c7       0x27 src/NetStack/stack.o
 .progmem.data.__c.2287
                0x000006ee       0x2b src/NetStack/stack.o
 .progmem.data.__c.2270
                0x00000719       0x1b src/NetStack/stack.o
 .progmem.data.__c.2268
                0x00000734        0xc src/NetStack/stack.o
                0x00000740                . = ALIGN (0x2)
 *(.jumptables)
 *(.jumptables*)
 *(.lowtext)
 *(.lowtext*)
                0x00000740                __ctors_start = .
 *(.ctors)
                0x00000740                __ctors_end = .
                0x00000740                __dtors_start = .
 *(.dtors)
                0x00000740                __dtors_end = .
 SORT(*)(.ctors)
 SORT(*)(.dtors)
 *(.init0)
 .init0         0x00000740        0x0 D:/Program Files (x86)/Atmel/Studio/7.0/Packs/atmel/ATmega_DFP/1.1.130/gcc/dev/atmega644/avr5/crtatmega644.o
                0x00000740                __init
 *(.init0)
 *(.init1)
 *(.init1)
 *(.init2)
 .init2         0x00000740        0xc D:/Program Files (x86)/Atmel/Studio/7.0/Packs/atmel/ATmega_DFP/1.1.130/gcc/dev/atmega644/avr5/crtatmega644.o
 *(.init2)
 *(.init3)
 *(.init3)
 *(.init4)
 .init4         0x0000074c       0x16 d:/program files (x86)/atmel/studio/7.0/toolchain/avr8/avr8-gnu-toolchain/bin/../lib/gcc/avr/4.9.2/avr5\libgcc.a(_copy_data.o)
                0x0000074c                __do_copy_data
 .init4         0x00000762       0x10 d:/program files (x86)/atmel/studio/7.0/toolchain/avr8/avr8-gnu-toolchain/bin/../lib/gcc/avr/4.9.2/avr5\libgcc.a(_clear_bss.o)
                0x00000762                __do_clear_bss
 *(.init4)
 *(.init5)
 *(.init5)
 *(.init6)
 *(.init6)
 *(.init7)
 *(.init7)
 *(.init8)
 *(.init8)
 *(.init9)
 .init9         0x00000772        0x8 D:/Program Files (x86)/Atmel/Studio/7.0/Packs/atmel/ATmega_DFP/1.1.130/gcc/dev/atmega644/avr5/crtatmega644.o
 *(.init9)
 *(.text)
 .text          0x0000077a        0x4 D:/Program Files (x86)/Atmel/Studio/7.0/Packs/atmel/ATmega_DFP/1.1.130/gcc/dev/atmega644/avr5/crtatmega644.o
                0x0000077a                __vector_22
                0x0000077a                __vector_1
                0x0000077a                __vector_24
                0x0000077a                __vector_12
                0x0000077a                __bad_interrupt
                0x0000077a                __vector_6
                0x0000077a                __vector_23
                0x0000077a                __vector_25
                0x0000077a                __vector_11
                0x0000077a                __vector_17
                0x0000077a                __vector_19
                0x0000077a                __vector_7
                0x0000077a                __vector_27
                0x0000077a                __vector_5
                0x0000077a                __vector_4
                0x0000077a                __vector_9
                0x0000077a                __vector_2
                0x0000077a                __vector_21
                0x0000077a                __vector_15
                0x0000077a                __vector_8
                0x0000077a                __vector_26
                0x0000077a                __vector_14
                0x0000077a                __vector_10
                0x0000077a                __vector_16
                0x0000077a                __vector_18
                0x0000077e                . = ALIGN (0x2)
 *(.text.*)
 .text.main     0x0000077e      0x1e8 main.o
                0x0000077e                main
 .text.command_reset
                0x00000966        0x8 src/NetStack/cmd.o
                0x00000966                command_reset
 .text.command_ntp
                0x0000096e        0x2 src/NetStack/cmd.o
                0x0000096e                command_ntp
 .text.command_ntp_refresh
                0x00000970        0x2 src/NetStack/cmd.o
                0x00000970                command_ntp_refresh
 .text.command_mac
                0x00000972       0x46 src/NetStack/cmd.o
                0x00000972                command_mac
 .text.command_ver
                0x000009b8       0x1e src/NetStack/cmd.o
                0x000009b8                command_ver
 .text.command_arp
                0x000009d6      0x1da src/NetStack/cmd.o
                0x000009d6                command_arp
 .text.command_tcp
                0x00000bb0      0x190 src/NetStack/cmd.o
                0x00000bb0                command_tcp
 .text.command_time
                0x00000d40       0xd8 src/NetStack/cmd.o
                0x00000d40                command_time
 .text.command_help
                0x00000e18       0x44 src/NetStack/cmd.o
                0x00000e18                command_help
 .text.command_ping
                0x00000e5c       0xb8 src/NetStack/cmd.o
                0x00000e5c                command_ping
 .text.extract_cmd
                0x00000f14       0xc8 src/NetStack/cmd.o
                0x00000f14                extract_cmd
 .text.write_eeprom_ip
                0x00000fdc       0x48 src/NetStack/cmd.o
                0x00000fdc                write_eeprom_ip
 .text.command_ip
                0x00001024       0xae src/NetStack/cmd.o
                0x00001024                command_ip
 .text.command_net
                0x000010d2       0xae src/NetStack/cmd.o
                0x000010d2                command_net
 .text.command_router
                0x00001180       0x5a src/NetStack/cmd.o
                0x00001180                command_router
 .text.usdelay  0x000011da       0x10 src/NetStack/enc28j60.o
 .text.enc_clrbits_reg
                0x000011ea       0x1a src/NetStack/enc28j60.o
 .text.enc_setbits_reg
                0x00001204       0x1a src/NetStack/enc28j60.o
 .text.enc_read_reg
                0x0000121e       0x7c src/NetStack/enc28j60.o
 .text.enc_write_reg
                0x0000129a       0x70 src/NetStack/enc28j60.o
 .text.enc_write_phyreg
                0x0000130a       0x38 src/NetStack/enc28j60.o
 .text.enc_read_buf
                0x00001342       0x2e src/NetStack/enc28j60.o
 .text.enc_write_buf
                0x00001370       0x2c src/NetStack/enc28j60.o
 .text.enc_send_packet
                0x0000139c       0xae src/NetStack/enc28j60.o
                0x0000139c                enc_send_packet
 .text.enc_init
                0x0000144a       0xd4 src/NetStack/enc28j60.o
                0x0000144a                enc_init
 .text.enc_receive_packet
                0x0000151e      0x128 src/NetStack/enc28j60.o
                0x0000151e                enc_receive_packet
 .text.htons32  0x00001646       0x6a src/NetStack/stack.o
                0x00001646                htons32
 .text.get_eeprom_value
                0x000016b0       0x96 src/NetStack/stack.o
                0x000016b0                get_eeprom_value
 .text.stack_init
                0x00001746      0x10c src/NetStack/stack.o
                0x00001746                stack_init
 .text.arp_timer_call
                0x00001852       0xa4 src/NetStack/stack.o
                0x00001852                arp_timer_call
 .text.__vector_3
                0x000018f6       0x36 src/NetStack/stack.o
                0x000018f6                __vector_3
 .text.arp_entry_add
                0x0000192c      0x2ce src/NetStack/stack.o
                0x0000192c                arp_entry_add
 .text.arp_entry_search
                0x00001bfa       0x70 src/NetStack/stack.o
                0x00001bfa                arp_entry_search
 .text.new_eth_header
                0x00001c6a       0x92 src/NetStack/stack.o
                0x00001c6a                new_eth_header
 .text.arp_reply
                0x00001cfc      0x162 src/NetStack/stack.o
                0x00001cfc                arp_reply
 .text.checksum
                0x00001e5e       0xa0 src/NetStack/stack.o
                0x00001e5e                checksum
 .text.make_ip_header
                0x00001efe       0x9a src/NetStack/stack.o
                0x00001efe                make_ip_header
 .text.icmp_send
                0x00001f98       0x88 src/NetStack/stack.o
                0x00001f98                icmp_send
 .text.tcp_entry_add
                0x00002020      0x24e src/NetStack/stack.o
                0x00002020                tcp_entry_add
 .text.tcp_entry_search
                0x0000226e       0x6e src/NetStack/stack.o
                0x0000226e                tcp_entry_search
 .text.udp_socket_process
                0x000022dc       0x7c src/NetStack/stack.o
                0x000022dc                udp_socket_process
 .text.create_new_tcp_packet
                0x00002358      0x160 src/NetStack/stack.o
                0x00002358                create_new_tcp_packet
 .text.find_and_start
                0x000024b8       0x86 src/NetStack/stack.o
                0x000024b8                find_and_start
 .text.tcp_index_del
                0x0000253e       0x62 src/NetStack/stack.o
                0x0000253e                tcp_index_del
 .text.tcp_timer_call
                0x000025a0      0x138 src/NetStack/stack.o
                0x000025a0                tcp_timer_call
 .text.tcp_socket_process
                0x000026d8      0x462 src/NetStack/stack.o
                0x000026d8                tcp_socket_process
 .text.check_packet
                0x00002b3a      0x1a4 src/NetStack/stack.o
                0x00002b3a                check_packet
 .text.eth_get_data
                0x00002cde       0x52 src/NetStack/stack.o
                0x00002cde                eth_get_data
 .text.arp_request
                0x00002d30      0x220 src/NetStack/stack.o
                0x00002d30                arp_request
 .text.timer_init
                0x00002f50       0x2a src/NetStack/timer.o
                0x00002f50                timer_init
 .text.__vector_13
                0x00002f7a       0x7e src/NetStack/timer.o
                0x00002f7a                __vector_13
 .text.usart_init
                0x00002ff8       0x4c src/NetStack/usart.o
                0x00002ff8                usart_init
 .text.usart_write_char
                0x00003044       0x18 src/NetStack/usart.o
                0x00003044                usart_write_char
 .text.usart_write_str
                0x0000305c       0x1e src/NetStack/usart.o
                0x0000305c                usart_write_str
 .text.usart_write_P
                0x0000307a      0x23a src/NetStack/usart.o
                0x0000307a                usart_write_P
 .text.__vector_20
                0x000032b4      0x13e src/NetStack/usart.o
                0x000032b4                __vector_20
 .text.libgcc.div
                0x000033f2       0x44 d:/program files (x86)/atmel/studio/7.0/toolchain/avr8/avr8-gnu-toolchain/bin/../lib/gcc/avr/4.9.2/avr5\libgcc.a(_udivmodsi4.o)
                0x000033f2                __udivmodsi4
 .text.libgcc.mul
                0x00003436       0x1e d:/program files (x86)/atmel/studio/7.0/toolchain/avr8/avr8-gnu-toolchain/bin/../lib/gcc/avr/4.9.2/avr5\libgcc.a(_umulhisi3.o)
                0x00003436                __umulhisi3
 .text.avr-libc
                0x00003454      0x222 d:/program files (x86)/atmel/studio/7.0/toolchain/avr8/avr8-gnu-toolchain/bin/../lib/gcc/avr/4.9.2/../../../../avr/lib/avr5\libc.a(strtol.o)
                0x00003454                strtol
 .text.avr-libc
                0x00003676       0x3c d:/program files (x86)/atmel/studio/7.0/toolchain/avr8/avr8-gnu-toolchain/bin/../lib/gcc/avr/4.9.2/../../../../avr/lib/avr5\libc.a(atoi.o)
                0x00003676                atoi
 .text.avr-libc
                0x000036b2       0x12 d:/program files (x86)/atmel/studio/7.0/toolchain/avr8/avr8-gnu-toolchain/bin/../lib/gcc/avr/4.9.2/../../../../avr/lib/avr5\libc.a(isspace.o)
                0x000036b2                isspace
 .text.avr-libc
                0x000036c4       0x26 d:/program files (x86)/atmel/studio/7.0/toolchain/avr8/avr8-gnu-toolchain/bin/../lib/gcc/avr/4.9.2/../../../../avr/lib/avr5\libc.a(strcasecmp.o)
                0x000036c4                strcasecmp
 .text.avr-libc
                0x000036ea       0x16 d:/program files (x86)/atmel/studio/7.0/toolchain/avr8/avr8-gnu-toolchain/bin/../lib/gcc/avr/4.9.2/../../../../avr/lib/avr5\libc.a(strcat.o)
                0x000036ea                strcat
 .text.avr-libc
                0x00003700        0xe d:/program files (x86)/atmel/studio/7.0/toolchain/avr8/avr8-gnu-toolchain/bin/../lib/gcc/avr/4.9.2/../../../../avr/lib/avr5\libc.a(strcpy.o)
                0x00003700                strcpy
 .text.avr-libc
                0x0000370e       0x30 d:/program files (x86)/atmel/studio/7.0/toolchain/avr8/avr8-gnu-toolchain/bin/../lib/gcc/avr/4.9.2/../../../../avr/lib/avr5\libc.a(strsep.o)
                0x0000370e                strsep
 .text.avr-libc
                0x0000373e       0x16 d:/program files (x86)/atmel/studio/7.0/toolchain/avr8/avr8-gnu-toolchain/bin/../lib/gcc/avr/4.9.2/../../../../avr/lib/avr5\libc.a(itoa.o)
                0x0000373e                __itoa
                0x0000373e                itoa
 .text.avr-libc
                0x00003754       0x16 d:/program files (x86)/atmel/studio/7.0/toolchain/avr8/avr8-gnu-toolchain/bin/../lib/gcc/avr/4.9.2/../../../../avr/lib/avr5\libc.a(itoa_ncheck.o)
                0x00003754                __itoa_ncheck
 .text.avr-libc
                0x0000376a       0x10 d:/program files (x86)/atmel/studio/7.0/toolchain/avr8/avr8-gnu-toolchain/bin/../lib/gcc/avr/4.9.2/../../../../avr/lib/avr5\libc.a(mul10.o)
                0x0000376a                __mulhi_const_10
 .text.avr-libc
                0x0000377a       0x34 d:/program files (x86)/atmel/studio/7.0/toolchain/avr8/avr8-gnu-toolchain/bin/../lib/gcc/avr/4.9.2/../../../../avr/lib/avr5\libc.a(utoa_ncheck.o)
                0x0000377a                __utoa_ncheck
                0x0000377c                __utoa_common
 .text.avr-libc
                0x000037ae        0x6 d:/program files (x86)/atmel/studio/7.0/toolchain/avr8/avr8-gnu-toolchain/bin/../lib/gcc/avr/4.9.2/../../../../avr/lib/avr5\libc.a(cty_isfalse.o)
                0x000037ae                __ctype_isfalse
                0x000037b2                __ctype_istrue
 .text.avr-libc
                0x000037b4       0x20 d:/program files (x86)/atmel/studio/7.0/toolchain/avr8/avr8-gnu-toolchain/bin/../lib/gcc/avr/4.9.2/../../../../avr/lib/avr5\libc.a(strrev.o)
                0x000037b4                strrev
 .text.avr-libc
                0x000037d4       0x10 D:/Program Files (x86)/Atmel/Studio/7.0/Packs/atmel/ATmega_DFP/1.1.130/gcc/dev/atmega644/avr5\libatmega644.a(eerd_byte.o)
                0x000037d4                eeprom_read_byte
 .text.avr-libc
                0x000037e4       0x1c D:/Program Files (x86)/Atmel/Studio/7.0/Packs/atmel/ATmega_DFP/1.1.130/gcc/dev/atmega644/avr5\libatmega644.a(eewr_byte.o)
                0x000037e4                eeprom_write_byte
                0x000037e6                eeprom_write_r18
 .text.libgcc.mul
                0x00003800       0x20 d:/program files (x86)/atmel/studio/7.0/toolchain/avr8/avr8-gnu-toolchain/bin/../lib/gcc/avr/4.9.2/avr5\libgcc.a(_mulsi3.o)
                0x00003800                __mulsi3
 .text.libgcc.mul
                0x00003820       0x16 d:/program files (x86)/atmel/studio/7.0/toolchain/avr8/avr8-gnu-toolchain/bin/../lib/gcc/avr/4.9.2/avr5\libgcc.a(_muluhisi3.o)
                0x00003820                __muluhisi3
 .text.libgcc.prologue
                0x00003836       0x38 d:/program files (x86)/atmel/studio/7.0/toolchain/avr8/avr8-gnu-toolchain/bin/../lib/gcc/avr/4.9.2/avr5\libgcc.a(_prologue.o)
                0x00003836                __prologue_saves__
 .text.libgcc.prologue
                0x0000386e       0x36 d:/program files (x86)/atmel/studio/7.0/toolchain/avr8/avr8-gnu-toolchain/bin/../lib/gcc/avr/4.9.2/avr5\libgcc.a(_epilogue.o)
                0x0000386e                __epilogue_restores__
                0x000038a4                . = ALIGN (0x2)
 *(.fini9)
 .fini9         0x000038a4        0x0 d:/program files (x86)/atmel/studio/7.0/toolchain/avr8/avr8-gnu-toolchain/bin/../lib/gcc/avr/4.9.2/avr5\libgcc.a(_exit.o)
                0x000038a4                _exit
                0x000038a4                exit
 *(.fini9)
 *(.fini8)
 *(.fini8)
 *(.fini7)
 *(.fini7)
 *(.fini6)
 *(.fini6)
 *(.fini5)
 *(.fini5)
 *(.fini4)
 *(.fini4)
 *(.fini3)
 *(.fini3)
 *(.fini2)
 *(.fini2)
 *(.fini1)
 *(.fini1)
 *(.fini0)
 .fini0         0x000038a4        0x4 d:/program files (x86)/atmel/studio/7.0/toolchain/avr8/avr8-gnu-toolchain/bin/../lib/gcc/avr/4.9.2/avr5\libgcc.a(_exit.o)
 *(.fini0)
                0x000038a8                _etext = .

.data           0x00800100       0x82 load address 0x000038a8
                0x00800100                PROVIDE (__data_start, .)
 *(.data)
 *(.data*)
 .data.COMMAND_TABELLE
                0x00800100       0x3c src/NetStack/cmd.o
                0x00800100                COMMAND_TABELLE
 .data.rx_buffer_pointer_out
                0x0080013c        0x2 src/NetStack/usart.o
                0x0080013c                rx_buffer_pointer_out
 .data.rx_buffer_pointer_in
                0x0080013e        0x2 src/NetStack/usart.o
                0x0080013e                rx_buffer_pointer_in
 *(.rodata)
 *(.rodata*)
 .rodata.str1.1
                0x00800140       0x42 src/NetStack/cmd.o
                                 0x44 (size before relaxing)
 *(.gnu.linkonce.d*)
                0x00800182                . = ALIGN (0x2)
                0x00800182                _edata = .
                0x00800182                PROVIDE (__data_end, .)

.bss            0x00800182      0x643
                0x00800182                PROVIDE (__bss_start, .)
 *(.bss)
 *(.bss*)
 .bss.enc_next_packet_ptr
                0x00800182        0x2 src/NetStack/enc28j60.o
 .bss.enc_cur_bank
                0x00800184        0x1 src/NetStack/enc28j60.o
 .bss.enc_revid
                0x00800185        0x1 src/NetStack/enc28j60.o
                0x00800185                enc_revid
 .bss.IP_id_counter
                0x00800186        0x2 src/NetStack/stack.o
                0x00800186                IP_id_counter
 .bss.UDP_PORT_TABLE
                0x00800188       0x14 src/NetStack/stack.o
                0x00800188                UDP_PORT_TABLE
 .bss.TCP_PORT_TABLE
                0x0080019c       0x14 src/NetStack/stack.o
                0x0080019c                TCP_PORT_TABLE
 .bss.buffercounter
                0x008001b0        0x2 src/NetStack/usart.o
                0x008001b0                buffercounter
 *(COMMON)
 COMMON         0x008001b2      0x12d main.o
                0x008001b2                arp_entry
                0x008001ee                eth
                0x008001ef                usart_status
                0x008001f0                gp_timer
                0x008001f1                tcp_entry
                0x00800275                stack_watchdog
                0x00800277                time
                0x0080027b                usart_rx_buffer
 COMMON         0x008002df       0x14 src/NetStack/cmd.o
                0x008002df                variable
 COMMON         0x008002f3        0x6 src/NetStack/enc28j60.o
                0x008002f3                mymac
 COMMON         0x008002f9      0x4ca src/NetStack/stack.o
                0x008002f9                eth_buffer
                0x008007aa                ping
                0x008007b0                retransmission_pointer
                0x008007b2                myip
                0x008007b6                router_ip
                0x008007ba                netmask
                0x008007be                telnetd_status
                0x008007bf                broadcast_ip
 COMMON         0x008007c3        0x2 d:/program files (x86)/atmel/studio/7.0/toolchain/avr8/avr8-gnu-toolchain/bin/../lib/gcc/avr/4.9.2/../../../../avr/lib/avr5\libc.a(errno.o)
                0x008007c3                errno
                0x008007c5                PROVIDE (__bss_end, .)
                0x000038a8                __data_load_start = LOADADDR (.data)
                0x0000392a                __data_load_end = (__data_load_start + SIZEOF (.data))

.noinit         0x008007c5        0x0
                [!provide]                PROVIDE (__noinit_start, .)
 *(.noinit*)
                [!provide]                PROVIDE (__noinit_end, .)
                0x008007c5                _end = .
                [!provide]                PROVIDE (__heap_start, .)

.eeprom         0x00810000        0x0
 *(.eeprom*)
                0x00810000                __eeprom_end = .

.fuse
 *(.fuse)
 *(.lfuse)
 *(.hfuse)
 *(.efuse)

.lock
 *(.lock*)

.signature
 *(.signature*)

.user_signatures
 *(.user_signatures*)

.stab
 *(.stab)

.stabstr
 *(.stabstr)

.stab.excl
 *(.stab.excl)

.stab.exclstr
 *(.stab.exclstr)

.stab.index
 *(.stab.index)

.stab.indexstr
 *(.stab.indexstr)

.comment        0x00000000       0x5c
 *(.comment)
 .comment       0x00000000       0x30 main.o
                                 0x31 (size before relaxing)
 .comment       0x00000030       0x31 src/NetStack/cmd.o
 .comment       0x00000030       0x31 src/NetStack/enc28j60.o
 .comment       0x00000030       0x31 src/NetStack/stack.o
 .comment       0x00000030       0x31 src/NetStack/timer.o
 .comment       0x00000030       0x31 src/NetStack/usart.o
 .comment       0x00000030       0x31 d:/program files (x86)/atmel/studio/7.0/toolchain/avr8/avr8-gnu-toolchain/bin/../lib/gcc/avr/4.9.2/../../../../avr/lib/avr5\libc.a(strtol.o)
 .comment       0x00000030       0x2c d:/program files (x86)/atmel/studio/7.0/toolchain/avr8/avr8-gnu-toolchain/bin/../lib/gcc/avr/4.9.2/../../../../avr/lib/avr5\libc.a(errno.o)
                                 0x2d (size before relaxing)

.note.gnu.avr.deviceinfo
                0x00000000       0x3c
 .note.gnu.avr.deviceinfo
                0x00000000       0x3c D:/Program Files (x86)/Atmel/Studio/7.0/Packs/atmel/ATmega_DFP/1.1.130/gcc/dev/atmega644/avr5/crtatmega644.o

.note.gnu.build-id
 *(.note.gnu.build-id)

.debug
 *(.debug)

.line
 *(.line)

.debug_srcinfo
 *(.debug_srcinfo)

.debug_sfnames
 *(.debug_sfnames)

.debug_aranges  0x00000000      0x300
 *(.debug_aranges)
 .debug_aranges
                0x00000000       0x20 main.o
 .debug_aranges
                0x00000020       0xa8 src/NetStack/cmd.o
 .debug_aranges
                0x000000c8       0x80 src/NetStack/enc28j60.o
 .debug_aranges
                0x00000148      0x110 src/NetStack/stack.o
 .debug_aranges
                0x00000258       0x28 src/NetStack/timer.o
 .debug_aranges
                0x00000280       0x40 src/NetStack/usart.o
 .debug_aranges
                0x000002c0       0x20 D:/Program Files (x86)/Atmel/Studio/7.0/Packs/atmel/ATmega_DFP/1.1.130/gcc/dev/atmega644/avr5\libatmega644.a(eerd_byte.o)
 .debug_aranges
                0x000002e0       0x20 D:/Program Files (x86)/Atmel/Studio/7.0/Packs/atmel/ATmega_DFP/1.1.130/gcc/dev/atmega644/avr5\libatmega644.a(eewr_byte.o)

.debug_pubnames
 *(.debug_pubnames)

.debug_info     0x00000000     0x4e6d
 *(.debug_info .gnu.linkonce.wi.*)
 .debug_info    0x00000000      0x672 D:/Program Files (x86)/Atmel/Studio/7.0/Packs/atmel/ATmega_DFP/1.1.130/gcc/dev/atmega644/avr5/crtatmega644.o
 .debug_info    0x00000672      0x467 main.o
 .debug_info    0x00000ad9      0xd83 src/NetStack/cmd.o
 .debug_info    0x0000185c      0xc9a src/NetStack/enc28j60.o
 .debug_info    0x000024f6     0x1c91 src/NetStack/stack.o
 .debug_info    0x00004187      0x3e2 src/NetStack/timer.o
 .debug_info    0x00004569      0x7ae src/NetStack/usart.o
 .debug_info    0x00004d17       0xab D:/Program Files (x86)/Atmel/Studio/7.0/Packs/atmel/ATmega_DFP/1.1.130/gcc/dev/atmega644/avr5\libatmega644.a(eerd_byte.o)
 .debug_info    0x00004dc2       0xab D:/Program Files (x86)/Atmel/Studio/7.0/Packs/atmel/ATmega_DFP/1.1.130/gcc/dev/atmega644/avr5\libatmega644.a(eewr_byte.o)

.debug_abbrev   0x00000000     0x1460
 *(.debug_abbrev)
 .debug_abbrev  0x00000000      0x619 D:/Program Files (x86)/Atmel/Studio/7.0/Packs/atmel/ATmega_DFP/1.1.130/gcc/dev/atmega644/avr5/crtatmega644.o
 .debug_abbrev  0x00000619      0x125 main.o
 .debug_abbrev  0x0000073e      0x295 src/NetStack/cmd.o
 .debug_abbrev  0x000009d3      0x319 src/NetStack/enc28j60.o
 .debug_abbrev  0x00000cec      0x3c1 src/NetStack/stack.o
 .debug_abbrev  0x000010ad      0x10c src/NetStack/timer.o
 .debug_abbrev  0x000011b9      0x27f src/NetStack/usart.o
 .debug_abbrev  0x00001438       0x14 D:/Program Files (x86)/Atmel/Studio/7.0/Packs/atmel/ATmega_DFP/1.1.130/gcc/dev/atmega644/avr5\libatmega644.a(eerd_byte.o)
 .debug_abbrev  0x0000144c       0x14 D:/Program Files (x86)/Atmel/Studio/7.0/Packs/atmel/ATmega_DFP/1.1.130/gcc/dev/atmega644/avr5\libatmega644.a(eewr_byte.o)

.debug_line     0x00000000     0x265a
 *(.debug_line .debug_line.* .debug_line_end)
 .debug_line    0x00000000      0x13f D:/Program Files (x86)/Atmel/Studio/7.0/Packs/atmel/ATmega_DFP/1.1.130/gcc/dev/atmega644/avr5/crtatmega644.o
 .debug_line    0x0000013f      0x1b0 main.o
 .debug_line    0x000002ef      0x5ba src/NetStack/cmd.o
 .debug_line    0x000008a9      0x5db src/NetStack/enc28j60.o
 .debug_line    0x00000e84     0x1179 src/NetStack/stack.o
 .debug_line    0x00001ffd      0x132 src/NetStack/timer.o
 .debug_line    0x0000212f      0x413 src/NetStack/usart.o
 .debug_line    0x00002542       0x7a D:/Program Files (x86)/Atmel/Studio/7.0/Packs/atmel/ATmega_DFP/1.1.130/gcc/dev/atmega644/avr5\libatmega644.a(eerd_byte.o)
 .debug_line    0x000025bc       0x9e D:/Program Files (x86)/Atmel/Studio/7.0/Packs/atmel/ATmega_DFP/1.1.130/gcc/dev/atmega644/avr5\libatmega644.a(eewr_byte.o)

.debug_frame    0x00000000     0x1014
 *(.debug_frame)
 .debug_frame   0x00000000       0xd4 main.o
 .debug_frame   0x000000d4      0x4e0 src/NetStack/cmd.o
 .debug_frame   0x000005b4      0x194 src/NetStack/enc28j60.o
 .debug_frame   0x00000748      0x754 src/NetStack/stack.o
 .debug_frame   0x00000e9c       0x5c src/NetStack/timer.o
 .debug_frame   0x00000ef8      0x11c src/NetStack/usart.o

.debug_str      0x00000000      0xec0
 *(.debug_str)
 .debug_str     0x00000000      0x231 D:/Program Files (x86)/Atmel/Studio/7.0/Packs/atmel/ATmega_DFP/1.1.130/gcc/dev/atmega644/avr5/crtatmega644.o
 .debug_str     0x00000231      0x2fc main.o
                                0x358 (size before relaxing)
 .debug_str     0x0000052d      0x224 src/NetStack/cmd.o
                                0x562 (size before relaxing)
 .debug_str     0x00000751      0x14c src/NetStack/enc28j60.o
                                0x387 (size before relaxing)
 .debug_str     0x0000089d      0x4ed src/NetStack/stack.o
                                0x8cf (size before relaxing)
 .debug_str     0x00000d8a       0x32 src/NetStack/timer.o
                                0x344 (size before relaxing)
 .debug_str     0x00000dbc      0x104 src/NetStack/usart.o
                                0x44f (size before relaxing)

.debug_loc      0x00000000     0x542f
 *(.debug_loc)
 .debug_loc     0x00000000      0x307 main.o
 .debug_loc     0x00000307     0x1058 src/NetStack/cmd.o
 .debug_loc     0x0000135f      0xb4c src/NetStack/enc28j60.o
 .debug_loc     0x00001eab     0x2a38 src/NetStack/stack.o
 .debug_loc     0x000048e3       0x7d src/NetStack/timer.o
 .debug_loc     0x00004960      0xacf src/NetStack/usart.o

.debug_macinfo
 *(.debug_macinfo)

.debug_weaknames
 *(.debug_weaknames)

.debug_funcnames
 *(.debug_funcnames)

.debug_typenames
 *(.debug_typenames)

.debug_varnames
 *(.debug_varnames)

.debug_pubtypes
 *(.debug_pubtypes)

.debug_ranges   0x00000000      0x380
 *(.debug_ranges)
 .debug_ranges  0x00000000       0x10 main.o
 .debug_ranges  0x00000010       0x98 src/NetStack/cmd.o
 .debug_ranges  0x000000a8       0x70 src/NetStack/enc28j60.o
 .debug_ranges  0x00000118      0x160 src/NetStack/stack.o
 .debug_ranges  0x00000278       0x18 src/NetStack/timer.o
 .debug_ranges  0x00000290       0xf0 src/NetStack/usart.o

.debug_macro
 *(.debug_macro)
OUTPUT(Ping Pong.elf elf32-avr)
LOAD linker stubs
